2026-05-17 20:52:48,397 : INFO : root : Loading config.
2026-05-17 20:52:48,401 : INFO : YamlMultifileConfigLoader : Machine config file #1: config.yaml
2026-05-17 20:52:48,402 : INFO : ConfigProcessor : Loading config from cache: C:\Users\White\AppData\Local\Temp\39c4b34018bdb564eab7cf26b7f669ee.mpf_cache
2026-05-17 20:52:48,532 : INFO : ConfigProcessor : Loading config from cache: C:\Users\White\AppData\Local\Temp\dcfa5ee5b10d64a3b94fd534c1aa451d.mpf_cache
2026-05-17 20:52:48,534 : INFO : ConfigProcessor : Loading config from cache: C:\Users\White\AppData\Local\Temp\91cc4d1c993c58dc354e34974b9cfeac.mpf_cache
2026-05-17 20:52:48,536 : INFO : ConfigProcessor : Loading config from cache: C:\Users\White\AppData\Local\Temp\35b01af7767e50eba76da865e2d7f95a.mpf_cache
2026-05-17 20:52:48,536 : INFO : ConfigProcessor : Loading config from cache: C:\Users\White\AppData\Local\Temp\954a0964095d05f049666b24b311e3e0.mpf_cache
2026-05-17 20:52:48,537 : INFO : ConfigProcessor : Loading config from cache: C:\Users\White\AppData\Local\Temp\dcfa5ee5b10d64a3b94fd534c1aa451d.mpf_cache
2026-05-17 20:52:48,539 : INFO : ConfigProcessor : Loading config from cache: C:\Users\White\AppData\Local\Temp\a9244cf73bd1b995c8229a78fecf001a.mpf_cache
2026-05-17 20:52:48,540 : INFO : ConfigProcessor : Loading config from cache: C:\Users\White\AppData\Local\Temp\45fc6500cf8fab1ef48d0c2f81501272.mpf_cache
2026-05-17 20:52:48,540 : INFO : ConfigProcessor : Loading config from cache: C:\Users\White\AppData\Local\Temp\981e6839caefcab32cd6f1225f0b1dcf.mpf_cache
2026-05-17 20:52:48,543 : INFO : ConfigProcessor : Loading config from cache: C:\Users\White\AppData\Local\Temp\78ac3c6ac2705ccef0aca6223f38636a.mpf_cache
2026-05-17 20:52:48,544 : WARNING : ConfigProcessor : Config file in cache changed: C:\Users\White\documents\top_gun_pinball\modes\below_the_hard_deck\config\below_the_hard_deck.yaml
2026-05-17 20:52:48,544 : INFO : ConfigProcessor : Loading config from file C:\Users\White\documents\top_gun_pinball\modes\below_the_hard_deck\config\below_the_hard_deck.yaml.
2026-05-17 20:52:48,583 : INFO : ConfigProcessor : Loading config: C:\Users\White\documents\top_gun_pinball\modes\below_the_hard_deck\config\below_the_hard_deck.yaml
2026-05-17 20:52:48,586 : INFO : ConfigProcessor : Config file cache created: C:\Users\White\AppData\Local\Temp\c416412e55ae5fd88a59da82f1a69a10.mpf_cache
2026-05-17 20:52:48,588 : INFO : ConfigProcessor : Loading config from cache: C:\Users\White\AppData\Local\Temp\a859aaec01fc9eda8e384946277a1be9.mpf_cache
2026-05-17 20:52:48,590 : INFO : ConfigProcessor : Loading config from cache: C:\Users\White\AppData\Local\Temp\3a2f2089f214eeb3c016e23cf6937b46.mpf_cache
2026-05-17 20:52:48,591 : INFO : ConfigProcessor : Loading config from cache: C:\Users\White\AppData\Local\Temp\6a827c2f81d5d6872a5c3d42d5788ee1.mpf_cache
2026-05-17 20:52:48,592 : INFO : ConfigProcessor : Loading config from cache: C:\Users\White\AppData\Local\Temp\d70718505753edc7bfae94d93c7e0d17.mpf_cache
2026-05-17 20:52:48,593 : INFO : ConfigProcessor : Loading config from cache: C:\Users\White\AppData\Local\Temp\824f161cac9e4c9f1443132020691281.mpf_cache
2026-05-17 20:52:48,594 : INFO : ConfigProcessor : Loading config from cache: C:\Users\White\AppData\Local\Temp\cd2c211e15a4dbebeef94e6a26e93112.mpf_cache
2026-05-17 20:52:48,595 : INFO : ConfigProcessor : Loading config from cache: C:\Users\White\AppData\Local\Temp\ba6e93360aa60032a4b7b34f9cffdce0.mpf_cache
2026-05-17 20:52:48,596 : INFO : ConfigProcessor : Loading config from cache: C:\Users\White\AppData\Local\Temp\992372f28951cdccc92372849f705691.mpf_cache
2026-05-17 20:52:48,617 : INFO : ConfigProcessor : Loading config from cache: C:\Users\White\AppData\Local\Temp\4b9937c7976ed5cd1d24a4fa4018324b.mpf_cache
2026-05-17 20:52:48,618 : INFO : ConfigProcessor : Loading config from cache: C:\Users\White\AppData\Local\Temp\a41099aaa8931854bf7aeb1131eb25f5.mpf_cache
2026-05-17 20:52:48,620 : INFO : ConfigProcessor : Loading config from cache: C:\Users\White\AppData\Local\Temp\4db056afb6ae3257643d7cc331e05161.mpf_cache
2026-05-17 20:52:48,621 : INFO : ConfigProcessor : Loading config from cache: C:\Users\White\AppData\Local\Temp\a18f6718f5a170b21c37bd725ebae781.mpf_cache
2026-05-17 20:52:48,624 : INFO : ConfigProcessor : Loading config from cache: C:\Users\White\AppData\Local\Temp\8709151c8d2d3863b5fceda4c115c736.mpf_cache
2026-05-17 20:52:48,625 : INFO : ConfigProcessor : Loading config from cache: C:\Users\White\AppData\Local\Temp\769cd60133e5c0b9a985e6e3690a3631.mpf_cache
2026-05-17 20:52:48,626 : INFO : ConfigProcessor : Loading config from cache: C:\Users\White\AppData\Local\Temp\3d468c7cedf90be47a7d01e42bb936d2.mpf_cache
2026-05-17 20:52:48,627 : INFO : ConfigProcessor : Loading config from cache: C:\Users\White\AppData\Local\Temp\40a956b62e63adb1fd6230e070cc416f.mpf_cache
2026-05-17 20:52:48,628 : INFO : ConfigProcessor : Loading config from cache: C:\Users\White\AppData\Local\Temp\88387b71764ec8c6867c539ea54a2040.mpf_cache
2026-05-17 20:52:48,630 : INFO : ConfigProcessor : Loading config from cache: C:\Users\White\AppData\Local\Temp\2b752b47ed38224cd6b4953549e961ec.mpf_cache
2026-05-17 20:52:48,632 : INFO : ConfigProcessor : Loading config from cache: C:\Users\White\AppData\Local\Temp\bc5a83a7db04a21de896bef4617be537.mpf_cache
2026-05-17 20:52:48,634 : INFO : ConfigProcessor : Loading config from cache: C:\Users\White\AppData\Local\Temp\f74d72009f4dabec10fde825e0863a15.mpf_cache
2026-05-17 20:52:48,636 : INFO : ConfigProcessor : Loading config from cache: C:\Users\White\AppData\Local\Temp\66496f3db5355e441b1bd8ecccd57f05.mpf_cache
2026-05-17 20:52:48,637 : INFO : ConfigProcessor : Loading config from cache: C:\Users\White\AppData\Local\Temp\0ae832768984a3aa01ae31edc15ba990.mpf_cache
2026-05-17 20:52:48,638 : INFO : ConfigProcessor : Loading config from cache: C:\Users\White\AppData\Local\Temp\9c1b225c26aeb4cc019e2ce322947706.mpf_cache
2026-05-17 20:52:48,641 : INFO : ConfigProcessor : Loading config from cache: C:\Users\White\AppData\Local\Temp\cd7a088f79b0efe4ef0e6c248f30ea7a.mpf_cache
2026-05-17 20:52:48,642 : INFO : ConfigProcessor : Loading config from cache: C:\Users\White\AppData\Local\Temp\9ea7462f1dcba752602eb310d0ad4a44.mpf_cache
2026-05-17 20:52:48,644 : INFO : ConfigProcessor : Loading config from cache: C:\Users\White\AppData\Local\Temp\96651e0be7a1992a8a7abf26a9350bb6.mpf_cache
2026-05-17 20:52:48,645 : INFO : ConfigProcessor : Loading config from cache: C:\Users\White\AppData\Local\Temp\cbfc37a30bf6aa1a7a2aa4e455a94298.mpf_cache
2026-05-17 20:52:48,647 : INFO : ConfigProcessor : Loading config from cache: C:\Users\White\AppData\Local\Temp\fccb93411cf20b3ccac68b1dad0cbb88.mpf_cache
2026-05-17 20:52:48,648 : INFO : ConfigProcessor : Loading config from cache: C:\Users\White\AppData\Local\Temp\e16268268679c5881d2554ba916948dd.mpf_cache
2026-05-17 20:52:48,651 : INFO : ConfigProcessor : Loading config from cache: C:\Users\White\AppData\Local\Temp\81f3f7be5108efd0b69d2cf71a558028.mpf_cache
2026-05-17 20:52:48,652 : INFO : ConfigProcessor : Loading config from cache: C:\Users\White\AppData\Local\Temp\a97027ed54ab7f7f55eb3caa54f968f3.mpf_cache
2026-05-17 20:52:48,652 : INFO : ConfigProcessor : Loading config from cache: C:\Users\White\AppData\Local\Temp\fd6f0b40037ebf84651c592cbc8bc03a.mpf_cache
2026-05-17 20:52:48,655 : INFO : ConfigProcessor : Loading config from cache: C:\Users\White\AppData\Local\Temp\e1cebbcae09bac7286b592746f768daa.mpf_cache
2026-05-17 20:52:48,656 : INFO : ConfigProcessor : Loading config from cache: C:\Users\White\AppData\Local\Temp\55d5943d63961b44af3f854c02c721ad.mpf_cache
2026-05-17 20:52:48,658 : INFO : ConfigProcessor : Loading config from cache: C:\Users\White\AppData\Local\Temp\43f523791758ce46d2ad099d1ecb5a1a.mpf_cache
2026-05-17 20:52:48,658 : INFO : ConfigProcessor : Loading config from cache: C:\Users\White\AppData\Local\Temp\be0cea2a7d47c7cf979c3644b39972ab.mpf_cache
2026-05-17 20:52:48,660 : INFO : ConfigProcessor : Loading config from cache: C:\Users\White\AppData\Local\Temp\8f22b463b668cef8fc8e91f8271e08dd.mpf_cache
2026-05-17 20:52:48,663 : INFO : ConfigProcessor : Loading config from cache: C:\Users\White\AppData\Local\Temp\9ac10604873d355c34af0d8445abb8db.mpf_cache
2026-05-17 20:52:48,666 : INFO : ConfigProcessor : Loading config from cache: C:\Users\White\AppData\Local\Temp\77e3efdaa7991fde2ded950a578d622d.mpf_cache
2026-05-17 20:52:48,668 : INFO : ConfigProcessor : Loading config from cache: C:\Users\White\AppData\Local\Temp\19da4e94fc5ce3c5f810a9c7463c1354.mpf_cache
2026-05-17 20:52:48,670 : INFO : ConfigProcessor : Loading config from cache: C:\Users\White\AppData\Local\Temp\4443efc54f3a5f57a313f4078fbddd50.mpf_cache
2026-05-17 20:52:48,672 : INFO : ConfigProcessor : Loading config from cache: C:\Users\White\AppData\Local\Temp\88f72734ea72fc22245e5b82d5a75cb6.mpf_cache
2026-05-17 20:52:48,673 : INFO : ConfigProcessor : Loading config from cache: C:\Users\White\AppData\Local\Temp\2b3f78690e4e473b8e5df94cdc0ab039.mpf_cache
2026-05-17 20:52:48,676 : INFO : ConfigProcessor : Loading config from cache: C:\Users\White\AppData\Local\Temp\fa987fd2c3266ab64543e0b64578d739.mpf_cache
2026-05-17 20:52:48,679 : INFO : ConfigProcessor : Loading config from cache: C:\Users\White\AppData\Local\Temp\f26c5a15de77ef0685e209821eddbe7d.mpf_cache
2026-05-17 20:52:48,682 : INFO : ConfigProcessor : Loading config from cache: C:\Users\White\AppData\Local\Temp\c2c1510818de090aac140fad4cc773a2.mpf_cache
2026-05-17 20:52:48,683 : INFO : ConfigProcessor : Loading config from cache: C:\Users\White\AppData\Local\Temp\98d3d7eb23a2f141af3b9c324af06e38.mpf_cache
2026-05-17 20:52:48,688 : INFO : ConfigProcessor : Loading config from cache: C:\Users\White\AppData\Local\Temp\9a3b340b295c94e005fb29d2d35803d1.mpf_cache
2026-05-17 20:52:48,696 : INFO : ConfigProcessor : Loading config from cache: C:\Users\White\AppData\Local\Temp\6a788fdfb83194d81af99a12c59a319a.mpf_cache
2026-05-17 20:52:48,698 : INFO : ConfigProcessor : Loading config from cache: C:\Users\White\AppData\Local\Temp\2fe82acdc56ea652ff3066fd375b17fa.mpf_cache
2026-05-17 20:52:48,700 : INFO : ConfigProcessor : Loading config from cache: C:\Users\White\AppData\Local\Temp\d567fbe46807f36791c9019d207c2440.mpf_cache
2026-05-17 20:52:48,721 : INFO : ConfigProcessor : Loading config from cache: C:\Users\White\AppData\Local\Temp\b81a2f9431aaa1a40681603f4f13c3d2.mpf_cache
2026-05-17 20:52:48,722 : INFO : ConfigProcessor : Loading config from cache: C:\Users\White\AppData\Local\Temp\92e144f57e074048034118dddced307a.mpf_cache
2026-05-17 20:52:48,724 : INFO : ConfigProcessor : Loading config from cache: C:\Users\White\AppData\Local\Temp\4e3068d09bb0285319ebd926b91ae940.mpf_cache
2026-05-17 20:52:48,725 : INFO : ConfigProcessor : Loading config from cache: C:\Users\White\AppData\Local\Temp\e5ea79f25cd6e043f8fb75b2032d482e.mpf_cache
2026-05-17 20:52:48,726 : INFO : ConfigProcessor : Loading config from cache: C:\Users\White\AppData\Local\Temp\9947d160cef245c9a8496495e8a78885.mpf_cache
2026-05-17 20:52:48,727 : INFO : ConfigProcessor : Loading config from cache: C:\Users\White\AppData\Local\Temp\923f5edd3096433804c151ef9ced7fb1.mpf_cache
2026-05-17 20:52:48,728 : INFO : ConfigProcessor : Loading config from cache: C:\Users\White\AppData\Local\Temp\669bfab06c6aa3a1674b0f4b50ae7a3c.mpf_cache
2026-05-17 20:52:48,729 : INFO : ConfigProcessor : Loading config from cache: C:\Users\White\AppData\Local\Temp\81e3ac1306f02cfb95eeca67698417dc.mpf_cache
2026-05-17 20:52:48,730 : INFO : ConfigProcessor : Loading config from cache: C:\Users\White\AppData\Local\Temp\a6fe037899bc77554e846472e6476319.mpf_cache
2026-05-17 20:52:48,732 : INFO : ConfigProcessor : Loading config from cache: C:\Users\White\AppData\Local\Temp\cd20ab9d6bcfc3d94797e381db389ad9.mpf_cache
2026-05-17 20:52:48,734 : INFO : ConfigProcessor : Loading config from cache: C:\Users\White\AppData\Local\Temp\d763b47a22b017336bfbe57a6af89149.mpf_cache
2026-05-17 20:52:48,735 : INFO : ConfigProcessor : Loading config from cache: C:\Users\White\AppData\Local\Temp\386baade319655b6aedfa45ddbf562f0.mpf_cache
2026-05-17 20:52:48,737 : INFO : ConfigProcessor : Loading config from cache: C:\Users\White\AppData\Local\Temp\f939ce46d02c41a03afd31c4270c8c55.mpf_cache
2026-05-17 20:52:48,738 : INFO : ConfigProcessor : Loading config from cache: C:\Users\White\AppData\Local\Temp\59ab671ab96a4594304638e27b0542c8.mpf_cache
2026-05-17 20:52:48,739 : INFO : ConfigProcessor : Loading config from cache: C:\Users\White\AppData\Local\Temp\0ba5adb65e1d75578edd80699100c28e.mpf_cache
2026-05-17 20:52:48,740 : INFO : ConfigProcessor : Loading config from cache: C:\Users\White\AppData\Local\Temp\b5471f08be9278463d25e3c2f06df8dd.mpf_cache
2026-05-17 20:52:48,741 : INFO : ConfigProcessor : Loading config from cache: C:\Users\White\AppData\Local\Temp\e9dfca965102979619879287aaffd4da.mpf_cache
2026-05-17 20:52:48,742 : INFO : ConfigProcessor : Loading config from cache: C:\Users\White\AppData\Local\Temp\ce1ea71bb3ca3937ce71fdff0b263bdb.mpf_cache
2026-05-17 20:52:48,742 : INFO : ConfigProcessor : Loading config from cache: C:\Users\White\AppData\Local\Temp\29b7b020f0513127005b35e19f0d78e3.mpf_cache
2026-05-17 20:52:48,744 : INFO : ConfigProcessor : Loading config from cache: C:\Users\White\AppData\Local\Temp\a19f4094f571d5e3f4a6bb0d76ddc2bd.mpf_cache
2026-05-17 20:52:48,745 : INFO : ConfigProcessor : Loading config from cache: C:\Users\White\AppData\Local\Temp\2df17da133132edc82ded3ea13a7f2d2.mpf_cache
2026-05-17 20:52:48,746 : INFO : ConfigProcessor : Loading config from cache: C:\Users\White\AppData\Local\Temp\6e45c09d2e2fb19b3ec22c705aafb8a5.mpf_cache
2026-05-17 20:52:48,747 : INFO : ConfigProcessor : Loading config from cache: C:\Users\White\AppData\Local\Temp\e8d87e5ea50ea035195c03c37d485b96.mpf_cache
2026-05-17 20:52:48,748 : INFO : ConfigProcessor : Loading config from cache: C:\Users\White\AppData\Local\Temp\19e4bb8a4a9bf220e72c77e0c232cd72.mpf_cache
2026-05-17 20:52:48,749 : INFO : ConfigProcessor : Loading config from cache: C:\Users\White\AppData\Local\Temp\3719082fa9c5864b8378f7ec54f99cf0.mpf_cache
2026-05-17 20:52:48,750 : INFO : ConfigProcessor : Loading config from cache: C:\Users\White\AppData\Local\Temp\49cfb4bed9324bfe32f6074e3237ab91.mpf_cache
2026-05-17 20:52:48,751 : INFO : ConfigProcessor : Loading config from cache: C:\Users\White\AppData\Local\Temp\a3c5a80388cfc77cd0b14076a224a42b.mpf_cache
2026-05-17 20:52:48,753 : INFO : ConfigProcessor : Loading config from cache: C:\Users\White\AppData\Local\Temp\a48c8ce24f2758d196071669d149efd3.mpf_cache
2026-05-17 20:52:48,754 : INFO : ConfigProcessor : Loading config from cache: C:\Users\White\AppData\Local\Temp\1ed53c621b8f6af903a3041468102589.mpf_cache
2026-05-17 20:52:48,755 : INFO : ConfigProcessor : Loading config from cache: C:\Users\White\AppData\Local\Temp\41a845a48ffaa7677954152e6e297d40.mpf_cache
2026-05-17 20:52:48,755 : INFO : ConfigProcessor : Loading config from cache: C:\Users\White\AppData\Local\Temp\45a44881320e4c811d0578688ed7af5f.mpf_cache
2026-05-17 20:52:48,756 : INFO : ConfigProcessor : Loading config from cache: C:\Users\White\AppData\Local\Temp\b17acfedfaf18761d1b243a909fa6e25.mpf_cache
2026-05-17 20:52:48,758 : INFO : ConfigProcessor : Loading config from cache: C:\Users\White\AppData\Local\Temp\0352b9b582e3dca83b90b72973f30cb3.mpf_cache
2026-05-17 20:52:48,759 : INFO : ConfigProcessor : Loading config from cache: C:\Users\White\AppData\Local\Temp\5f9963cc4a0205527c292dff60ac95bf.mpf_cache
2026-05-17 20:52:48,760 : INFO : ConfigProcessor : Loading config from cache: C:\Users\White\AppData\Local\Temp\7d9d3a879fccd9ce7a432e5bad71a77d.mpf_cache
2026-05-17 20:52:48,761 : INFO : ConfigProcessor : Loading config from cache: C:\Users\White\AppData\Local\Temp\43a2267f77020b63ca7745b7b3fb05c5.mpf_cache
2026-05-17 20:52:48,762 : INFO : ConfigProcessor : Loading config from cache: C:\Users\White\AppData\Local\Temp\37a4804cb847e12400be24a6c2bfa250.mpf_cache
2026-05-17 20:52:48,763 : INFO : ConfigProcessor : Loading config from cache: C:\Users\White\AppData\Local\Temp\63828b82b94aa94cbe7d3a7a04305cb7.mpf_cache
2026-05-17 20:52:48,764 : INFO : ConfigProcessor : Loading config from cache: C:\Users\White\AppData\Local\Temp\c6c68f34067f4d4cd8da7c0d895bd8a2.mpf_cache
2026-05-17 20:52:48,766 : INFO : ConfigProcessor : Loading config from cache: C:\Users\White\AppData\Local\Temp\0420af4d870b9d4dca0c113858eeb892.mpf_cache
2026-05-17 20:52:48,767 : INFO : ConfigProcessor : Loading config from cache: C:\Users\White\AppData\Local\Temp\29db96f2862a8d571fce5d97e7bfa998.mpf_cache
2026-05-17 20:52:48,768 : INFO : ConfigProcessor : Loading config from cache: C:\Users\White\AppData\Local\Temp\c4e65309e05241fe1ada1112ae55c9ef.mpf_cache
2026-05-17 20:52:48,770 : INFO : ConfigProcessor : Loading config from cache: C:\Users\White\AppData\Local\Temp\bcabc7c4504a6189bbb8c27e26d16460.mpf_cache
2026-05-17 20:52:48,771 : INFO : ConfigProcessor : Loading config from cache: C:\Users\White\AppData\Local\Temp\6855b42a221992257d709a7391c0c3e8.mpf_cache
2026-05-17 20:52:48,772 : INFO : Machine : Mission Pinball Framework Core Engine v0.80.0.dev11
2026-05-17 20:52:48,772 : INFO : Machine : Command line arguments: {'no_load_cache': False, 'create_config_cache': True, 'bcp': True, 'configfile': ['config.yaml'], 'force_assets_load': False, 'platform_integration_test': False, 'jsonlogging': False, 'logfile': 'logs\\2026-05-17-20-52-48-mpf-TopGunPinball.log', 'pause': False, 'production': False, 'text_ui': False, 'loglevel': 15, 'consoleloglevel': 20, 'force_platform': None, 'syslog_address': None, 'full_logfile_path': 'C:\\Users\\White\\documents\\top_gun_pinball\\logs\\2026-05-17-20-52-48-mpf-TopGunPinball.log'}
2026-05-17 20:52:48,772 : INFO : Machine : MPF path: C:\Users\White\mpf\Lib\site-packages\mpf
2026-05-17 20:52:48,772 : INFO : Machine : Machine path: C:\Users\White\documents\top_gun_pinball
2026-05-17 20:52:48,772 : INFO : Machine : Platform: win32
2026-05-17 20:52:48,772 : INFO : Machine : Python executable location: C:\Users\White\mpf\Scripts\python.exe
2026-05-17 20:52:48,772 : INFO : Machine : Python version: 3.12.7 (64-bit)
2026-05-17 20:52:48,775 : INFO : Machine : Initializing MPF...
2026-05-17 20:52:48,905 : INFO : FAST : Auto-detecting ports for the following connections: ['net', 'exp', 'aud']
2026-05-17 20:52:49,520 : INFO : FAST : Detected AUD on port COM7
2026-05-17 20:52:49,520 : INFO : FAST : Detected EXP on port COM4
2026-05-17 20:52:49,520 : INFO : FAST : Detected NET on port COM3
2026-05-17 20:52:49,630 : INFO : FAST [NET] : Trying to connect to COM3 at 921600bps
2026-05-17 20:52:49,708 : INFO : FAST [NET] : Connected to COM3 at 921600bps
2026-05-17 20:52:49,723 : INFO : FAST [NET] : Connected to FP-CPU-2000 with firmware v02.26
2026-05-17 20:52:49,754 : INFO : FAST [NET] : Registered I/O Board 0: Model: FP-I/O-0024, Firmware: 01.10, Switches: 24, Drivers: 8
2026-05-17 20:52:49,770 : INFO : FAST [NET] : Registered I/O Board 1: Model: FP-I/O-3208, Firmware: 01.10, Switches: 32, Drivers: 8
2026-05-17 20:52:49,786 : INFO : FAST [NET] : Registered I/O Board 2: Model: FP-I/O-3208, Firmware: 01.10, Switches: 32, Drivers: 8
2026-05-17 20:52:49,802 : INFO : FAST [NET] : Registered I/O Board 3: Model: FP-I/O-0804, Firmware: 01.10, Switches: 8, Drivers: 4
2026-05-17 20:52:49,803 : INFO : FAST [NET] : Registered I/O Board 4: Model: FP-I/O-0804, Firmware: 01.10, Switches: 8, Drivers: 4
2026-05-17 20:52:49,806 : INFO : FAST [EXP] : Trying to connect to COM4 at 921600bps
2026-05-17 20:52:49,884 : INFO : FAST [EXP] : Connected to COM4 at 921600bps
2026-05-17 20:52:49,896 : INFO : FAST [EXP] : Verifying hardware for EXP "neuron" (FP-EXP-2000, @48) with ID string "EXP FP-EXP-2000  0.38", board address 48
2026-05-17 20:52:49,912 : INFO : FAST [EXP] : Verifying hardware for EXP "neuron" (FP-EXP-2000, @48) with ID string "LED FP-BRK-0001  0.8", board address 480
2026-05-17 20:52:49,942 : INFO : FAST [EXP] : Verifying hardware for EXP "light_expansion_board" (FP-EXP-0071, @B4) with ID string "EXP FP-EXP-0071  0.38", board address B4
2026-05-17 20:52:49,958 : INFO : FAST [EXP] : Verifying hardware for EXP "light_expansion_board" (FP-EXP-0071, @B4) with ID string "BRK FP-EXP-0071  0.38", board address B40
2026-05-17 20:52:49,990 : INFO : FAST [EXP] : Verifying hardware for EXP "shaker_board" (FP-EXP-1313, @30) with ID string "EXP FP-EXP-1313  0.48", board address 30
2026-05-17 20:52:50,006 : INFO : FAST [EXP] : Verifying hardware for EXP "shaker_board" (FP-EXP-1313, @30) with ID string "BRK FP-EXP-1313  0.48", board address 300
2026-05-17 20:52:50,023 : INFO : FAST [AUD] : Trying to connect to COM7 at 230400bps
2026-05-17 20:52:50,196 : INFO : FAST [AUD] : Connected to COM7 at 230400bps
2026-05-17 20:52:50,208 : WARNING : FAST [AUD] : Received XX response:F
2026-05-17 20:52:50,208 : WARNING : FAST [AUD] : Received XX response:F
2026-05-17 20:52:50,208 : WARNING : FAST [AUD] : Received XX response:F
2026-05-17 20:52:50,208 : WARNING : FAST [AUD] : Received XX response:F
2026-05-17 20:52:50,208 : INFO : FAST [AUD] : Connected to FP-AUD-0099 with firmware v0.10
2026-05-17 20:52:50,209 : INFO : EventManager : Event: ======'machine_var_credits_string'====== Args={'value': 'FREE PLAY', 'prev_value': None, 'change': True}
2026-05-17 20:52:50,244 : INFO : EventManager : Event: ======'machine_var_audit_balls_played'====== Args={'value': 0, 'prev_value': None, 'change': True}
2026-05-17 20:52:50,244 : INFO : EventManager : Event: ======'machine_var_audit_games_played'====== Args={'value': 0, 'prev_value': None, 'change': True}
2026-05-17 20:52:50,244 : INFO : EventManager : Event: ======'machine_var_audit_high_score'====== Args={'value': 0, 'prev_value': None, 'change': True}
2026-05-17 20:52:50,244 : INFO : EventManager : Event: ======'machine_var_audit_total_game_time'====== Args={'value': 0, 'prev_value': None, 'change': True}
2026-05-17 20:52:50,244 : INFO : EventManager : Event: ======'machine_var_audit_total_plays'====== Args={'value': 0, 'prev_value': None, 'change': True}
2026-05-17 20:52:50,244 : INFO : EventManager : Event: ======'machine_var_fast_audio_headphones_volume'====== Args={'value': 50, 'prev_value': None, 'change': True}
2026-05-17 20:52:50,244 : INFO : EventManager : Event: ======'machine_var_fast_audio_main_volume'====== Args={'value': 31, 'prev_value': None, 'change': True}
2026-05-17 20:52:50,244 : INFO : EventManager : Event: ======'machine_var_master_volume'====== Args={'value': 0.5, 'prev_value': None, 'change': True}
2026-05-17 20:52:50,244 : INFO : EventManager : Event: ======'machine_var_player1_score'====== Args={'value': 32083965, 'prev_value': None, 'change': True}
2026-05-17 20:52:50,245 : INFO : EventManager : Event: ======'machine_var_extra_ball_award_mode'====== Args={'value': 0, 'prev_value': None, 'change': True}
2026-05-17 20:52:50,245 : INFO : EventManager : Event: ======'machine_var_service_menu_level'====== Args={'value': 0, 'prev_value': None, 'change': True}
2026-05-17 20:52:50,245 : INFO : EventManager : Event: ======'machine_var_service_main_index'====== Args={'value': 0, 'prev_value': None, 'change': True}
2026-05-17 20:52:50,245 : INFO : EventManager : Event: ======'machine_var_service_switch_index'====== Args={'value': 0, 'prev_value': None, 'change': True}
2026-05-17 20:52:50,245 : INFO : EventManager : Event: ======'machine_var_service_coil_index'====== Args={'value': 0, 'prev_value': None, 'change': True}
2026-05-17 20:52:50,245 : INFO : EventManager : Event: ======'machine_var_service_light_index'====== Args={'value': 0, 'prev_value': None, 'change': True}
2026-05-17 20:52:50,245 : INFO : EventManager : Event: ======'machine_var_service_light_color_index'====== Args={'value': 0, 'prev_value': None, 'change': True}
2026-05-17 20:52:50,245 : INFO : EventManager : Event: ======'machine_var_service_adjustment_index'====== Args={'value': 0, 'prev_value': None, 'change': True}
2026-05-17 20:52:50,245 : INFO : EventManager : Event: ======'machine_var_service_audit_index'====== Args={'value': 0, 'prev_value': None, 'change': True}
2026-05-17 20:52:50,245 : INFO : EventManager : Event: ======'machine_var_service_feature_index'====== Args={'value': 0, 'prev_value': None, 'change': True}
2026-05-17 20:52:50,245 : INFO : EventManager : Event: ======'machine_var_service_main_text'====== Args={'value': 'SWITCH TEST', 'prev_value': None, 'change': True}
2026-05-17 20:52:50,245 : INFO : EventManager : Event: ======'machine_var_service_switch_name'====== Args={'value': 'Start Button', 'prev_value': None, 'change': True}
2026-05-17 20:52:50,245 : INFO : EventManager : Event: ======'machine_var_service_switch_num'====== Args={'value': 'Switch 1/63', 'prev_value': None, 'change': True}
2026-05-17 20:52:50,245 : INFO : EventManager : Event: ======'machine_var_service_switch_state'====== Args={'value': 'OPEN', 'prev_value': None, 'change': True}
2026-05-17 20:52:50,246 : INFO : EventManager : Event: ======'machine_var_service_coil_name'====== Args={'value': 'Left Flipper', 'prev_value': None, 'change': True}
2026-05-17 20:52:50,246 : INFO : EventManager : Event: ======'machine_var_service_coil_num'====== Args={'value': 'Coil 1/22', 'prev_value': None, 'change': True}
2026-05-17 20:52:50,246 : INFO : EventManager : Event: ======'machine_var_service_light_name'====== Args={'value': 'Eject Insert', 'prev_value': None, 'change': True}
2026-05-17 20:52:50,246 : INFO : EventManager : Event: ======'machine_var_service_light_num'====== Args={'value': 'Light 1/91', 'prev_value': None, 'change': True}
2026-05-17 20:52:50,246 : INFO : EventManager : Event: ======'machine_var_service_servo_index'====== Args={'value': 0, 'prev_value': None, 'change': True}
2026-05-17 20:52:50,246 : INFO : EventManager : Event: ======'machine_var_service_servo_name'====== Args={'value': 'Right Ramp', 'prev_value': None, 'change': True}
2026-05-17 20:52:50,246 : INFO : EventManager : Event: ======'machine_var_service_servo_num'====== Args={'value': 'Servo 1/6', 'prev_value': None, 'change': True}
2026-05-17 20:52:50,246 : INFO : EventManager : Event: ======'machine_var_service_servo_position'====== Args={'value': 'Pos: 0.05', 'prev_value': None, 'change': True}
2026-05-17 20:52:50,246 : INFO : EventManager : Event: ======'machine_var_service_adjustment_name'====== Args={'value': 'Balls Per Game', 'prev_value': None, 'change': True}
2026-05-17 20:52:50,246 : INFO : EventManager : Event: ======'machine_var_service_adjustment_num'====== Args={'value': 'Setting 1/15', 'prev_value': None, 'change': True}
2026-05-17 20:52:50,246 : INFO : EventManager : Event: ======'machine_var_service_audit_name'====== Args={'value': 'Games Played', 'prev_value': None, 'change': True}
2026-05-17 20:52:50,246 : INFO : EventManager : Event: ======'machine_var_service_audit_num'====== Args={'value': 'Audit 1/10', 'prev_value': None, 'change': True}
2026-05-17 20:52:50,246 : INFO : EventManager : Event: ======'machine_var_service_feature_name'====== Args={'value': 'Pilot Mode Timer', 'prev_value': None, 'change': True}
2026-05-17 20:52:50,246 : INFO : EventManager : Event: ======'machine_var_service_feature_num'====== Args={'value': 'Feature 1/10', 'prev_value': None, 'change': True}
2026-05-17 20:52:50,247 : INFO : EventManager : Event: ======'machine_var_ball_search_servo_count'====== Args={'value': 0, 'prev_value': None, 'change': True}
2026-05-17 20:52:50,247 : INFO : EventManager : Event: ======'machine_var_hs_letter_index'====== Args={'value': 0, 'prev_value': None, 'change': True}
2026-05-17 20:52:50,247 : INFO : EventManager : Event: ======'machine_var_hs_select_trigger'====== Args={'value': 0, 'prev_value': None, 'change': True}
2026-05-17 20:52:50,247 : INFO : EventManager : Event: ======'machine_var_hs_award_text'====== Args={'value': '', 'prev_value': None, 'change': True}
2026-05-17 20:52:50,247 : INFO : EventManager : Event: ======'machine_var_hs_player_num'====== Args={'value': 1, 'prev_value': None, 'change': True}
2026-05-17 20:52:50,247 : INFO : EventManager : Event: ======'machine_var_hs_score_value'====== Args={'value': 0, 'prev_value': None, 'change': True}
2026-05-17 20:52:50,247 : INFO : EventManager : Event: ======'machine_var_hs_entry_made'====== Args={'value': 0, 'prev_value': None, 'change': True}
2026-05-17 20:52:50,247 : INFO : EventManager : Event: ======'machine_var_mpf_version'====== Args={'value': 'Mission Pinball Framework v0.80.0.dev11', 'prev_value': None, 'change': True}
2026-05-17 20:52:50,247 : INFO : EventManager : Event: ======'machine_var_mpf_extended_version'====== Args={'value': 'Mission Pinball Framework v0.80.0.dev11, Config version:6, Show version: 6, BCP version:1.1', 'prev_value': None, 'change': True}
2026-05-17 20:52:50,247 : INFO : EventManager : Event: ======'machine_var_python_version'====== Args={'value': '3.12.7', 'prev_value': None, 'change': True}
2026-05-17 20:52:50,408 : INFO : EventManager : Event: ======'machine_var_platform'====== Args={'value': 'Windows-11-10.0.26200-SP0', 'prev_value': None, 'change': True}
2026-05-17 20:52:50,408 : INFO : EventManager : Event: ======'machine_var_platform_system'====== Args={'value': 'Windows', 'prev_value': None, 'change': True}
2026-05-17 20:52:50,408 : INFO : EventManager : Event: ======'machine_var_platform_release'====== Args={'value': '11', 'prev_value': None, 'change': True}
2026-05-17 20:52:50,408 : INFO : EventManager : Event: ======'machine_var_platform_version'====== Args={'value': '10.0.26200', 'prev_value': None, 'change': True}
2026-05-17 20:52:50,408 : INFO : EventManager : Event: ======'machine_var_platform_machine'====== Args={'value': 'AMD64', 'prev_value': None, 'change': True}
2026-05-17 20:52:50,408 : INFO : EventManager : Event: ======'machine_var_log_file_path'====== Args={'value': 'C:\\Users\\White\\documents\\top_gun_pinball\\logs\\2026-05-17-20-52-48-mpf-TopGunPinball.log', 'prev_value': None, 'change': True}
2026-05-17 20:52:50,408 : INFO : EventManager : Event: ======'init_phase_1'====== Args={}
2026-05-17 20:52:53,154 : INFO : SwitchController : <<<<<<< 's_48v_disable' active >>>>>>>
2026-05-17 20:52:53,154 : INFO : SwitchController : <<<<<<< 's_trough_1' active >>>>>>>
2026-05-17 20:52:53,154 : INFO : SwitchController : <<<<<<< 's_trough_2' active >>>>>>>
2026-05-17 20:52:53,154 : INFO : SwitchController : <<<<<<< 's_trough_3' active >>>>>>>
2026-05-17 20:52:53,154 : INFO : SwitchController : <<<<<<< 's_trough_4' active >>>>>>>
2026-05-17 20:52:53,154 : INFO : SwitchController : <<<<<<< 's_trough_5' active >>>>>>>
2026-05-17 20:52:53,154 : INFO : SwitchController : <<<<<<< 's_trough_6' active >>>>>>>
2026-05-17 20:52:53,204 : INFO : EventManager : Event: ======'init_phase_2'====== Args={}
2026-05-17 20:52:53,205 : INFO : SwitchController : Found active switch: (0, [FAST Platform Interface]) <switch.s_48v_disable>
2026-05-17 20:52:53,205 : INFO : SwitchController : Found active switch: (24, [FAST Platform Interface]) <switch.s_trough_1>
2026-05-17 20:52:53,205 : INFO : SwitchController : Found active switch: (25, [FAST Platform Interface]) <switch.s_trough_2>
2026-05-17 20:52:53,205 : INFO : SwitchController : Found active switch: (26, [FAST Platform Interface]) <switch.s_trough_3>
2026-05-17 20:52:53,205 : INFO : SwitchController : Found active switch: (27, [FAST Platform Interface]) <switch.s_trough_4>
2026-05-17 20:52:53,205 : INFO : SwitchController : Found active switch: (28, [FAST Platform Interface]) <switch.s_trough_5>
2026-05-17 20:52:53,205 : INFO : SwitchController : Found active switch: (29, [FAST Platform Interface]) <switch.s_trough_6>
2026-05-17 20:52:53,662 : INFO : EventManager : Event: ======'machine_var_score1_label'====== Args={'value': "You're the new top gun!", 'prev_value': None, 'change': True}
2026-05-17 20:52:53,662 : INFO : EventManager : Event: ======'machine_var_score1_name'====== Args={'value': 'BEH', 'prev_value': None, 'change': True}
2026-05-17 20:52:53,662 : INFO : EventManager : Event: ======'machine_var_score1_value'====== Args={'value': 32083965, 'prev_value': None, 'change': True}
2026-05-17 20:52:53,662 : INFO : EventManager : Event: ======'machine_var_score2_label'====== Args={'value': 'Almost at the top!', 'prev_value': None, 'change': True}
2026-05-17 20:52:53,662 : INFO : EventManager : Event: ======'machine_var_score2_name'====== Args={'value': 'BEH', 'prev_value': None, 'change': True}
2026-05-17 20:52:53,662 : INFO : EventManager : Event: ======'machine_var_score2_value'====== Args={'value': 31315500, 'prev_value': None, 'change': True}
2026-05-17 20:52:53,662 : INFO : EventManager : Event: ======'machine_var_score3_label'====== Args={'value': 'Never Leave your Wingman!', 'prev_value': None, 'change': True}
2026-05-17 20:52:53,662 : INFO : EventManager : Event: ======'machine_var_score3_name'====== Args={'value': 'BEH', 'prev_value': None, 'change': True}
2026-05-17 20:52:53,663 : INFO : EventManager : Event: ======'machine_var_score3_value'====== Args={'value': 29522025, 'prev_value': None, 'change': True}
2026-05-17 20:52:53,663 : INFO : EventManager : Event: ======'machine_var_score4_label'====== Args={'value': 'Are you a good Pilot?', 'prev_value': None, 'change': True}
2026-05-17 20:52:53,663 : INFO : EventManager : Event: ======'machine_var_score4_name'====== Args={'value': 'BEH', 'prev_value': None, 'change': True}
2026-05-17 20:52:53,663 : INFO : EventManager : Event: ======'machine_var_score4_value'====== Args={'value': 28019671, 'prev_value': None, 'change': True}
2026-05-17 20:52:53,663 : INFO : EventManager : Event: ======'machine_var_score5_label'====== Args={'value': "It's the Cargo Plane for you!", 'prev_value': None, 'change': True}
2026-05-17 20:52:53,663 : INFO : EventManager : Event: ======'machine_var_score5_name'====== Args={'value': 'MAVERICK', 'prev_value': None, 'change': True}
2026-05-17 20:52:53,663 : INFO : EventManager : Event: ======'machine_var_score5_value'====== Args={'value': 25000000, 'prev_value': None, 'change': True}
2026-05-17 20:52:53,663 : INFO : EventManager : Event: ======'machine_var_score6_label'====== Args={'value': '6th Place', 'prev_value': None, 'change': True}
2026-05-17 20:52:53,663 : INFO : EventManager : Event: ======'machine_var_score6_name'====== Args={'value': 'BEH', 'prev_value': None, 'change': True}
2026-05-17 20:52:53,663 : INFO : EventManager : Event: ======'machine_var_score6_value'====== Args={'value': 21377200, 'prev_value': None, 'change': True}
2026-05-17 20:52:53,663 : INFO : EventManager : Event: ======'machine_var_score7_label'====== Args={'value': '7th Place', 'prev_value': None, 'change': True}
2026-05-17 20:52:53,663 : INFO : EventManager : Event: ======'machine_var_score7_name'====== Args={'value': 'ICEMAN', 'prev_value': None, 'change': True}
2026-05-17 20:52:53,663 : INFO : EventManager : Event: ======'machine_var_score7_value'====== Args={'value': 20000000, 'prev_value': None, 'change': True}
2026-05-17 20:52:53,663 : INFO : EventManager : Event: ======'machine_var_score8_label'====== Args={'value': '8th Place', 'prev_value': None, 'change': True}
2026-05-17 20:52:53,663 : INFO : EventManager : Event: ======'machine_var_score8_name'====== Args={'value': 'BEH', 'prev_value': None, 'change': True}
2026-05-17 20:52:53,663 : INFO : EventManager : Event: ======'machine_var_score8_value'====== Args={'value': 18833875, 'prev_value': None, 'change': True}
2026-05-17 20:52:53,663 : INFO : EventManager : Event: ======'machine_var_score9_label'====== Args={'value': '9th Place', 'prev_value': None, 'change': True}
2026-05-17 20:52:53,663 : INFO : EventManager : Event: ======'machine_var_score9_name'====== Args={'value': 'BEH', 'prev_value': None, 'change': True}
2026-05-17 20:52:53,663 : INFO : EventManager : Event: ======'machine_var_score9_value'====== Args={'value': 16744456, 'prev_value': None, 'change': True}
2026-05-17 20:52:53,663 : INFO : EventManager : Event: ======'machine_var_score10_label'====== Args={'value': '10th Place', 'prev_value': None, 'change': True}
2026-05-17 20:52:53,663 : INFO : EventManager : Event: ======'machine_var_score10_name'====== Args={'value': 'ROOSTER', 'prev_value': None, 'change': True}
2026-05-17 20:52:53,663 : INFO : EventManager : Event: ======'machine_var_score10_value'====== Args={'value': 15000000, 'prev_value': None, 'change': True}
2026-05-17 20:52:53,663 : INFO : EventManager : Event: ======'machine_var_score11_label'====== Args={'value': '11th Place', 'prev_value': None, 'change': True}
2026-05-17 20:52:53,664 : INFO : EventManager : Event: ======'machine_var_score11_name'====== Args={'value': 'LFS', 'prev_value': None, 'change': True}
2026-05-17 20:52:53,664 : INFO : EventManager : Event: ======'machine_var_score11_value'====== Args={'value': 14268425, 'prev_value': None, 'change': True}
2026-05-17 20:52:53,664 : INFO : EventManager : Event: ======'machine_var_score12_label'====== Args={'value': '12th Place', 'prev_value': None, 'change': True}
2026-05-17 20:52:53,664 : INFO : EventManager : Event: ======'machine_var_score12_name'====== Args={'value': 'BEH', 'prev_value': None, 'change': True}
2026-05-17 20:52:53,664 : INFO : EventManager : Event: ======'machine_var_score12_value'====== Args={'value': 14191995, 'prev_value': None, 'change': True}
2026-05-17 20:52:53,664 : INFO : EventManager : Event: ======'machine_var_score13_label'====== Args={'value': '13th Place', 'prev_value': None, 'change': True}
2026-05-17 20:52:53,664 : INFO : EventManager : Event: ======'machine_var_score13_name'====== Args={'value': 'LFS', 'prev_value': None, 'change': True}
2026-05-17 20:52:53,664 : INFO : EventManager : Event: ======'machine_var_score13_value'====== Args={'value': 13607100, 'prev_value': None, 'change': True}
2026-05-17 20:52:53,664 : INFO : EventManager : Event: ======'machine_var_score14_label'====== Args={'value': '14th Place', 'prev_value': None, 'change': True}
2026-05-17 20:52:53,664 : INFO : EventManager : Event: ======'machine_var_score14_name'====== Args={'value': 'BEH', 'prev_value': None, 'change': True}
2026-05-17 20:52:53,664 : INFO : EventManager : Event: ======'machine_var_score14_value'====== Args={'value': 12550525, 'prev_value': None, 'change': True}
2026-05-17 20:52:53,664 : INFO : EventManager : Event: ======'machine_var_score15_label'====== Args={'value': '15th Place', 'prev_value': None, 'change': True}
2026-05-17 20:52:53,664 : INFO : EventManager : Event: ======'machine_var_score15_name'====== Args={'value': 'BEH', 'prev_value': None, 'change': True}
2026-05-17 20:52:53,664 : INFO : EventManager : Event: ======'machine_var_score15_value'====== Args={'value': 12052660, 'prev_value': None, 'change': True}
2026-05-17 20:52:53,664 : INFO : EventManager : Event: ======'bcp_connection_attempt'====== Args={'name': 'local_display', 'host': 'localhost', 'port': 5050}
2026-05-17 20:52:53,667 : INFO : BCPClientSocket : Connecting BCP to 'local_display' at localhost:5050...
2026-05-17 20:52:53,680 : INFO : BCPClientSocket : Connected BCP to 'local_display' localhost:5050
2026-05-17 20:52:53,681 : INFO : EventManager : Event: ======'bcp_clients_connected'====== Args={}
2026-05-17 20:52:53,681 : INFO : ball_device.bd_plunger : BCH: Initial count: 0
2026-05-17 20:52:53,682 : INFO : ball_device.bd_plunger : State: idle
2026-05-17 20:52:53,683 : INFO : ball_device.bd_trough : BCH: Initial count: 6
2026-05-17 20:52:53,683 : INFO : ball_device.bd_trough : State: idle
2026-05-17 20:52:53,684 : INFO : ball_device.bd_lock_elevator : BCH: Initial count: 0
2026-05-17 20:52:53,684 : INFO : ball_device.bd_lock_elevator : State: idle
2026-05-17 20:52:53,684 : INFO : ball_device.bd_lock_goose : BCH: Initial count: 0
2026-05-17 20:52:53,685 : INFO : ball_device.bd_lock_goose : State: idle
2026-05-17 20:52:53,685 : INFO : ball_device.bd_lock_mav : BCH: Initial count: 0
2026-05-17 20:52:53,686 : INFO : ball_device.bd_lock_mav : State: idle
2026-05-17 20:52:53,687 : INFO : ball_device.bd_mode_scoop : BCH: Initial count: 0
2026-05-17 20:52:53,687 : INFO : ball_device.bd_mode_scoop : State: idle
2026-05-17 20:52:53,711 : INFO : EventManager : Event: ======'init_phase_3'====== Args={}
2026-05-17 20:52:56,642 : INFO : EventManager : Event: ======'init_phase_4'====== Args={}
2026-05-17 20:52:56,643 : INFO : BallController : Initial balls found: 6
2026-05-17 20:52:56,646 : INFO : EventManager : Event: ======'machine_var_audits_events_game_ended'====== Args={'value': 440, 'prev_value': None, 'change': True}
2026-05-17 20:52:56,646 : INFO : EventManager : Event: ======'machine_var_audits_events_game_started'====== Args={'value': 1902, 'prev_value': None, 'change': True}
2026-05-17 20:52:56,646 : INFO : EventManager : Event: ======'machine_var_audits_missing_switches_s_48v_disable'====== Args={'value': 1078, 'prev_value': None, 'change': True}
2026-05-17 20:52:56,646 : INFO : EventManager : Event: ======'machine_var_audits_missing_switches_s_a_iceman_target'====== Args={'value': 1, 'prev_value': None, 'change': True}
2026-05-17 20:52:56,646 : INFO : EventManager : Event: ======'machine_var_audits_missing_switches_s_coin_door'====== Args={'value': 15, 'prev_value': None, 'change': True}
2026-05-17 20:52:56,646 : INFO : EventManager : Event: ======'machine_var_audits_missing_switches_s_coin_door_credit_left'====== Args={'value': 1693, 'prev_value': None, 'change': True}
2026-05-17 20:52:56,646 : INFO : EventManager : Event: ======'machine_var_audits_missing_switches_s_coin_door_credit_right'====== Args={'value': 1085, 'prev_value': None, 'change': True}
2026-05-17 20:52:56,646 : INFO : EventManager : Event: ======'machine_var_audits_missing_switches_s_coin_door_service_1'====== Args={'value': 211, 'prev_value': None, 'change': True}
2026-05-17 20:52:56,646 : INFO : EventManager : Event: ======'machine_var_audits_missing_switches_s_coin_door_service_2'====== Args={'value': 42, 'prev_value': None, 'change': True}
2026-05-17 20:52:56,646 : INFO : EventManager : Event: ======'machine_var_audits_missing_switches_s_coin_door_service_3'====== Args={'value': 42, 'prev_value': None, 'change': True}
2026-05-17 20:52:56,647 : INFO : EventManager : Event: ======'machine_var_audits_missing_switches_s_coin_door_service_4'====== Args={'value': 211, 'prev_value': None, 'change': True}
2026-05-17 20:52:56,647 : INFO : EventManager : Event: ======'machine_var_audits_missing_switches_s_flight_gear_target'====== Args={'value': 8, 'prev_value': None, 'change': True}
2026-05-17 20:52:56,647 : INFO : EventManager : Event: ======'machine_var_audits_missing_switches_s_inner_inlane_right'====== Args={'value': 3, 'prev_value': None, 'change': True}
2026-05-17 20:52:56,647 : INFO : EventManager : Event: ======'machine_var_audits_missing_switches_s_k_lock_target'====== Args={'value': 1, 'prev_value': None, 'change': True}
2026-05-17 20:52:56,647 : INFO : EventManager : Event: ======'machine_var_audits_missing_switches_s_l_lock_target'====== Args={'value': 1, 'prev_value': None, 'change': True}
2026-05-17 20:52:56,647 : INFO : EventManager : Event: ======'machine_var_audits_missing_switches_s_lock_goose'====== Args={'value': 13, 'prev_value': None, 'change': True}
2026-05-17 20:52:56,647 : INFO : EventManager : Event: ======'machine_var_audits_missing_switches_s_lock_mav'====== Args={'value': 13, 'prev_value': None, 'change': True}
2026-05-17 20:52:56,647 : INFO : EventManager : Event: ======'machine_var_audits_missing_switches_s_lock_plunger'====== Args={'value': 13, 'prev_value': None, 'change': True}
2026-05-17 20:52:56,647 : INFO : EventManager : Event: ======'machine_var_audits_missing_switches_s_n_iceman_target'====== Args={'value': 1, 'prev_value': None, 'change': True}
2026-05-17 20:52:56,647 : INFO : EventManager : Event: ======'machine_var_audits_missing_switches_s_o_lock_target'====== Args={'value': 4, 'prev_value': None, 'change': True}
2026-05-17 20:52:56,647 : INFO : EventManager : Event: ======'machine_var_audits_missing_switches_s_orbit_upper'====== Args={'value': 1, 'prev_value': None, 'change': True}
2026-05-17 20:52:56,647 : INFO : EventManager : Event: ======'machine_var_audits_missing_switches_s_outlane_right'====== Args={'value': 11, 'prev_value': None, 'change': True}
2026-05-17 20:52:56,647 : INFO : EventManager : Event: ======'machine_var_audits_missing_switches_s_plunger_lane'====== Args={'value': 10, 'prev_value': None, 'change': True}
2026-05-17 20:52:56,647 : INFO : EventManager : Event: ======'machine_var_audits_missing_switches_s_ramp_inner_exit'====== Args={'value': 13, 'prev_value': None, 'change': True}
2026-05-17 20:52:56,647 : INFO : EventManager : Event: ======'machine_var_audits_missing_switches_s_start'====== Args={'value': 1, 'prev_value': None, 'change': True}
2026-05-17 20:52:56,647 : INFO : EventManager : Event: ======'machine_var_audits_missing_switches_s_tilt'====== Args={'value': 13, 'prev_value': None, 'change': True}
2026-05-17 20:52:56,647 : INFO : EventManager : Event: ======'machine_var_audits_player_score'====== Args={'value': {'average': 2936997, 'top': [78940560, 42150145, 36434308, 35813075, 35351774, 33498550, 32083965, 31315500, 29522025, 29420000], 'total': 668}, 'prev_value': None, 'change': True}
2026-05-17 20:52:56,647 : INFO : EventManager : Event: ======'machine_var_audits_shots_bumper_center'====== Args={'value': 9033, 'prev_value': None, 'change': True}
2026-05-17 20:52:56,647 : INFO : EventManager : Event: ======'machine_var_audits_shots_bumper_left'====== Args={'value': 11505, 'prev_value': None, 'change': True}
2026-05-17 20:52:56,647 : INFO : EventManager : Event: ======'machine_var_audits_shots_bumper_right'====== Args={'value': 9014, 'prev_value': None, 'change': True}
2026-05-17 20:52:56,647 : INFO : EventManager : Event: ======'machine_var_audits_shots_mach_ramp'====== Args={'value': 1937, 'prev_value': None, 'change': True}
2026-05-17 20:52:56,647 : INFO : EventManager : Event: ======'machine_var_audits_shots_mig_lane_left'====== Args={'value': 867, 'prev_value': None, 'change': True}
2026-05-17 20:52:56,647 : INFO : EventManager : Event: ======'machine_var_audits_shots_mig_lane_right'====== Args={'value': 939, 'prev_value': None, 'change': True}
2026-05-17 20:52:56,648 : INFO : EventManager : Event: ======'machine_var_audits_shots_orbit_upper'====== Args={'value': 288, 'prev_value': None, 'change': True}
2026-05-17 20:52:56,648 : INFO : EventManager : Event: ======'machine_var_audits_shots_ramp_inner'====== Args={'value': 199, 'prev_value': None, 'change': True}
2026-05-17 20:52:56,648 : INFO : EventManager : Event: ======'machine_var_audits_shots_spinner'====== Args={'value': 257, 'prev_value': None, 'change': True}
2026-05-17 20:52:56,648 : INFO : EventManager : Event: ======'machine_var_audits_switches_s_48v_disable'====== Args={'value': 0, 'prev_value': None, 'change': True}
2026-05-17 20:52:56,648 : INFO : EventManager : Event: ======'machine_var_audits_switches_s_a_iceman_target'====== Args={'value': 2109, 'prev_value': None, 'change': True}
2026-05-17 20:52:56,648 : INFO : EventManager : Event: ======'machine_var_audits_switches_s_barrier_target'====== Args={'value': 1488, 'prev_value': None, 'change': True}
2026-05-17 20:52:56,648 : INFO : EventManager : Event: ======'machine_var_audits_switches_s_bumper_center'====== Args={'value': 9053, 'prev_value': None, 'change': True}
2026-05-17 20:52:56,648 : INFO : EventManager : Event: ======'machine_var_audits_switches_s_bumper_left'====== Args={'value': 11536, 'prev_value': None, 'change': True}
2026-05-17 20:52:56,648 : INFO : EventManager : Event: ======'machine_var_audits_switches_s_bumper_right'====== Args={'value': 9020, 'prev_value': None, 'change': True}
2026-05-17 20:52:56,648 : INFO : EventManager : Event: ======'machine_var_audits_switches_s_c_iceman_target'====== Args={'value': 1976, 'prev_value': None, 'change': True}
2026-05-17 20:52:56,648 : INFO : EventManager : Event: ======'machine_var_audits_switches_s_c_lock_target'====== Args={'value': 1952, 'prev_value': None, 'change': True}
2026-05-17 20:52:56,648 : INFO : EventManager : Event: ======'machine_var_audits_switches_s_coin_door'====== Args={'value': 124, 'prev_value': None, 'change': True}
2026-05-17 20:52:56,648 : INFO : EventManager : Event: ======'machine_var_audits_switches_s_coin_door_credit_left'====== Args={'value': 0, 'prev_value': None, 'change': True}
2026-05-17 20:52:56,648 : INFO : EventManager : Event: ======'machine_var_audits_switches_s_coin_door_credit_right'====== Args={'value': 1, 'prev_value': None, 'change': True}
2026-05-17 20:52:56,648 : INFO : EventManager : Event: ======'machine_var_audits_switches_s_coin_door_service_1'====== Args={'value': 24, 'prev_value': None, 'change': True}
2026-05-17 20:52:56,648 : INFO : EventManager : Event: ======'machine_var_audits_switches_s_coin_door_service_2'====== Args={'value': 182, 'prev_value': None, 'change': True}
2026-05-17 20:52:56,649 : INFO : EventManager : Event: ======'machine_var_audits_switches_s_coin_door_service_3'====== Args={'value': 98, 'prev_value': None, 'change': True}
2026-05-17 20:52:56,649 : INFO : EventManager : Event: ======'machine_var_audits_switches_s_coin_door_service_4'====== Args={'value': 47, 'prev_value': None, 'change': True}
2026-05-17 20:52:56,649 : INFO : EventManager : Event: ======'machine_var_audits_switches_s_e_iceman_target'====== Args={'value': 1673, 'prev_value': None, 'change': True}
2026-05-17 20:52:56,649 : INFO : EventManager : Event: ======'machine_var_audits_switches_s_flight_gear_target'====== Args={'value': 3811, 'prev_value': None, 'change': True}
2026-05-17 20:52:56,649 : INFO : EventManager : Event: ======'machine_var_audits_switches_s_flipper_left'====== Args={'value': 57417, 'prev_value': None, 'change': True}
2026-05-17 20:52:56,649 : INFO : EventManager : Event: ======'machine_var_audits_switches_s_flipper_left_eos'====== Args={'value': 52140, 'prev_value': None, 'change': True}
2026-05-17 20:52:56,649 : INFO : EventManager : Event: ======'machine_var_audits_switches_s_flipper_left_upper'====== Args={'value': 56728, 'prev_value': None, 'change': True}
2026-05-17 20:52:56,649 : INFO : EventManager : Event: ======'machine_var_audits_switches_s_flipper_left_upper_eos'====== Args={'value': 63873, 'prev_value': None, 'change': True}
2026-05-17 20:52:56,649 : INFO : EventManager : Event: ======'machine_var_audits_switches_s_flipper_right'====== Args={'value': 55667, 'prev_value': None, 'change': True}
2026-05-17 20:52:56,650 : INFO : EventManager : Event: ======'machine_var_audits_switches_s_flipper_right_eos'====== Args={'value': 50079, 'prev_value': None, 'change': True}
2026-05-17 20:52:56,650 : INFO : EventManager : Event: ======'machine_var_audits_switches_s_i_iceman_target'====== Args={'value': 2269, 'prev_value': None, 'change': True}
2026-05-17 20:52:56,650 : INFO : EventManager : Event: ======'machine_var_audits_switches_s_inlane_left'====== Args={'value': 4994, 'prev_value': None, 'change': True}
2026-05-17 20:52:56,650 : INFO : EventManager : Event: ======'machine_var_audits_switches_s_inner_inlane_right'====== Args={'value': 3237, 'prev_value': None, 'change': True}
2026-05-17 20:52:56,650 : INFO : EventManager : Event: ======'machine_var_audits_switches_s_jam'====== Args={'value': 5636, 'prev_value': None, 'change': True}
2026-05-17 20:52:56,650 : INFO : EventManager : Event: ======'machine_var_audits_switches_s_k_lock_target'====== Args={'value': 3179, 'prev_value': None, 'change': True}
2026-05-17 20:52:56,650 : INFO : EventManager : Event: ======'machine_var_audits_switches_s_l_lock_target'====== Args={'value': 2563, 'prev_value': None, 'change': True}
2026-05-17 20:52:56,650 : INFO : EventManager : Event: ======'machine_var_audits_switches_s_lane_left'====== Args={'value': 2666, 'prev_value': None, 'change': True}
2026-05-17 20:52:56,650 : INFO : EventManager : Event: ======'machine_var_audits_switches_s_lane_right'====== Args={'value': 4827, 'prev_value': None, 'change': True}
2026-05-17 20:52:56,650 : INFO : EventManager : Event: ======'machine_var_audits_switches_s_lock_goose'====== Args={'value': 641, 'prev_value': None, 'change': True}
2026-05-17 20:52:56,650 : INFO : EventManager : Event: ======'machine_var_audits_switches_s_lock_mav'====== Args={'value': 1040, 'prev_value': None, 'change': True}
2026-05-17 20:52:56,650 : INFO : EventManager : Event: ======'machine_var_audits_switches_s_lock_plunger'====== Args={'value': 502, 'prev_value': None, 'change': True}
2026-05-17 20:52:56,650 : INFO : EventManager : Event: ======'machine_var_audits_switches_s_m_iceman_target'====== Args={'value': 1527, 'prev_value': None, 'change': True}
2026-05-17 20:52:56,650 : INFO : EventManager : Event: ======'machine_var_audits_switches_s_mig_lane_left'====== Args={'value': 3019, 'prev_value': None, 'change': True}
2026-05-17 20:52:56,650 : INFO : EventManager : Event: ======'machine_var_audits_switches_s_mig_lane_right'====== Args={'value': 2240, 'prev_value': None, 'change': True}
2026-05-17 20:52:56,650 : INFO : EventManager : Event: ======'machine_var_audits_switches_s_mode_start'====== Args={'value': 2048, 'prev_value': None, 'change': True}
2026-05-17 20:52:56,650 : INFO : EventManager : Event: ======'machine_var_audits_switches_s_n_iceman_target'====== Args={'value': 1861, 'prev_value': None, 'change': True}
2026-05-17 20:52:56,650 : INFO : EventManager : Event: ======'machine_var_audits_switches_s_o_lock_target'====== Args={'value': 3800, 'prev_value': None, 'change': True}
2026-05-17 20:52:56,650 : INFO : EventManager : Event: ======'machine_var_audits_switches_s_orbit_left'====== Args={'value': 8656, 'prev_value': None, 'change': True}
2026-05-17 20:52:56,650 : INFO : EventManager : Event: ======'machine_var_audits_switches_s_orbit_lower'====== Args={'value': 546, 'prev_value': None, 'change': True}
2026-05-17 20:52:56,650 : INFO : EventManager : Event: ======'machine_var_audits_switches_s_orbit_right'====== Args={'value': 7110, 'prev_value': None, 'change': True}
2026-05-17 20:52:56,650 : INFO : EventManager : Event: ======'machine_var_audits_switches_s_orbit_upper'====== Args={'value': 2277, 'prev_value': None, 'change': True}
2026-05-17 20:52:56,650 : INFO : EventManager : Event: ======'machine_var_audits_switches_s_outer_inlane_right'====== Args={'value': 4769, 'prev_value': None, 'change': True}
2026-05-17 20:52:56,650 : INFO : EventManager : Event: ======'machine_var_audits_switches_s_outlane_left'====== Args={'value': 1817, 'prev_value': None, 'change': True}
2026-05-17 20:52:56,650 : INFO : EventManager : Event: ======'machine_var_audits_switches_s_outlane_right'====== Args={'value': 2015, 'prev_value': None, 'change': True}
2026-05-17 20:52:56,650 : INFO : EventManager : Event: ======'machine_var_audits_switches_s_plunger_lane'====== Args={'value': 46, 'prev_value': None, 'change': True}
2026-05-17 20:52:56,650 : INFO : EventManager : Event: ======'machine_var_audits_switches_s_ramp_inner_exit'====== Args={'value': 1983, 'prev_value': None, 'change': True}
2026-05-17 20:52:56,650 : INFO : EventManager : Event: ======'machine_var_audits_switches_s_ramp_left_exit'====== Args={'value': 3034, 'prev_value': None, 'change': True}
2026-05-17 20:52:56,650 : INFO : EventManager : Event: ======'machine_var_audits_switches_s_ramp_right_exit'====== Args={'value': 1191, 'prev_value': None, 'change': True}
2026-05-17 20:52:56,650 : INFO : EventManager : Event: ======'machine_var_audits_switches_s_ramp_tower_exit'====== Args={'value': 3068, 'prev_value': None, 'change': True}
2026-05-17 20:52:56,650 : INFO : EventManager : Event: ======'machine_var_audits_switches_s_shooter_lane'====== Args={'value': 6520, 'prev_value': None, 'change': True}
2026-05-17 20:52:56,650 : INFO : EventManager : Event: ======'machine_var_audits_switches_s_slingshot_left'====== Args={'value': 6419, 'prev_value': None, 'change': True}
2026-05-17 20:52:56,650 : INFO : EventManager : Event: ======'machine_var_audits_switches_s_slingshot_right'====== Args={'value': 4560, 'prev_value': None, 'change': True}
2026-05-17 20:52:56,650 : INFO : EventManager : Event: ======'machine_var_audits_switches_s_spinner'====== Args={'value': 66841, 'prev_value': None, 'change': True}
2026-05-17 20:52:56,651 : INFO : EventManager : Event: ======'machine_var_audits_switches_s_start'====== Args={'value': 1129, 'prev_value': None, 'change': True}
2026-05-17 20:52:56,651 : INFO : EventManager : Event: ======'machine_var_audits_switches_s_tilt'====== Args={'value': 3779, 'prev_value': None, 'change': True}
2026-05-17 20:52:56,651 : INFO : EventManager : Event: ======'machine_var_audits_switches_s_trough_1'====== Args={'value': 5691, 'prev_value': None, 'change': True}
2026-05-17 20:52:56,651 : INFO : EventManager : Event: ======'machine_var_audits_switches_s_trough_2'====== Args={'value': 5733, 'prev_value': None, 'change': True}
2026-05-17 20:52:56,651 : INFO : EventManager : Event: ======'machine_var_audits_switches_s_trough_3'====== Args={'value': 5759, 'prev_value': None, 'change': True}
2026-05-17 20:52:56,651 : INFO : EventManager : Event: ======'machine_var_audits_switches_s_trough_4'====== Args={'value': 5753, 'prev_value': None, 'change': True}
2026-05-17 20:52:56,651 : INFO : EventManager : Event: ======'machine_var_audits_switches_s_trough_5'====== Args={'value': 5747, 'prev_value': None, 'change': True}
2026-05-17 20:52:56,651 : INFO : EventManager : Event: ======'machine_var_audits_switches_s_trough_6'====== Args={'value': 5727, 'prev_value': None, 'change': True}
2026-05-17 20:52:56,652 : INFO : EventManager : Event: ======'init_phase_5'====== Args={}
2026-05-17 20:52:56,652 : INFO : EventManager : Event: ======'init_done'====== Args={}
2026-05-17 20:52:56,653 : INFO : coil.c_coin_door_led : Enabling Driver with power 1.0 (pulse_ms 10ms and pulse_power 1.0)
2026-05-17 20:52:56,654 : INFO : EventManager : Event: ======'machine_reset_phase_1'====== Args={}
2026-05-17 20:52:56,667 : INFO : EventManager : Event: ======'machine_reset_phase_2'====== Args={}
2026-05-17 20:52:56,668 : INFO : EventManager : Event: ======'machine_reset_phase_3'====== Args={}
2026-05-17 20:52:56,669 : INFO : EventManager : Event: ======'mode_attract_will_start'====== Args={'queue': <QueuedEvent>}
2026-05-17 20:52:56,669 : INFO : Timer.attract_carousel_timer : Starting Timer.
2026-05-17 20:52:56,670 : INFO : EventManager : Event: ======'timer_attract_carousel_timer_started'====== Args={'ticks': 0, 'ticks_remaining': 1}
2026-05-17 20:52:56,670 : INFO : EventManager : Event: ======'timer_attract_carousel_timer_tick'====== Args={'ticks': 0, 'ticks_remaining': 1}
2026-05-17 20:52:56,672 : INFO : EventManager : Event: ======'mode_attract_starting'====== Args={'queue': <QueuedEvent>}
2026-05-17 20:52:56,672 : INFO : EventManager : Event: ======'mode_ball_search_servos_will_start'====== Args={'queue': <QueuedEvent>}
2026-05-17 20:52:56,672 : INFO : EventManager : Event: ======'mode_ball_search_servos_starting'====== Args={'queue': <QueuedEvent>}
2026-05-17 20:52:56,674 : INFO : Mode.ball_search_servos : Started. Priority: 5
2026-05-17 20:52:56,674 : INFO : EventManager : Event: ======'modes_active_modes_changed'====== Args={}
2026-05-17 20:52:56,674 : INFO : EventManager : Event: ======'mode_ball_search_servos_started'====== Args={'queue': <QueuedEvent>}
2026-05-17 20:52:56,674 : INFO : Mode.attract : Started. Priority: 10
2026-05-17 20:52:56,674 : INFO : EventManager : Event: ======'modes_active_modes_changed'====== Args={}
2026-05-17 20:52:56,674 : INFO : EventManager : Event: ======'mode_attract_started'====== Args={'queue': <QueuedEvent>}
2026-05-17 20:52:56,675 : INFO : EventManager : Event: ======'attract_cycle_step1'====== Args={'priority': 0}
2026-05-17 20:52:56,675 : INFO : EventManager : Event: ======'right_ramp_down'====== Args={'priority': 0}
2026-05-17 20:52:56,675 : INFO : EventManager : Event: ======'top_ramp_down'====== Args={'priority': 0}
2026-05-17 20:52:56,675 : INFO : EventManager : Event: ======'lock_released'====== Args={'priority': 0}
2026-05-17 20:52:56,676 : INFO : coil.c_start_button_led : Enabling Driver with power 1.0 (pulse_ms 10ms and pulse_power 1.0)
2026-05-17 20:52:56,676 : INFO : Timer.attract_music_stop_timer : Starting Timer.
2026-05-17 20:52:56,677 : INFO : EventManager : Event: ======'timer_attract_music_stop_timer_started'====== Args={'ticks': 0, 'ticks_remaining': 120}
2026-05-17 20:52:56,677 : INFO : EventManager : Event: ======'timer_attract_music_stop_timer_tick'====== Args={'ticks': 0, 'ticks_remaining': 120}
2026-05-17 20:52:56,677 : INFO : EventManager : Event: ======'collecting_balls_complete'====== Args={}
2026-05-17 20:52:56,678 : INFO : EventManager : Event: ======'carousel_item_highlighted'====== Args={'carousel': 'attract', 'direction': None, 'item': 'title'}
2026-05-17 20:52:56,678 : INFO : EventManager : Event: ======'timer_attract_carousel_timer_tick'====== Args={'ticks': 0, 'ticks_remaining': 1}
2026-05-17 20:52:56,678 : INFO : EventManager : Event: ======'reset_complete'====== Args={}
2026-05-17 20:52:56,682 : INFO : Machine : Starting the main run loop with active modes: [<Mode.attract>, <Mode.ball_search_servos>]
2026-05-17 20:52:56,762 : INFO : EventManager : Event: ======'slide_attract_created'====== Args={'_from_bcp': True}
2026-05-17 20:52:56,762 : INFO : EventManager : Event: ======'slide__removed'====== Args={'_from_bcp': True}
2026-05-17 20:52:56,764 : INFO : EventManager : Event: ======'slide_attract_active'====== Args={'original_context': 'attract', 'original_calling_context': 'mode_attract_started', 'priority': 10.0, 'queue': '<QueuedEvent>', 'cmd': 'slides_play', '_from_bcp': True}
2026-05-17 20:52:57,673 : INFO : coil.c_start_button_led : Disabling Driver
2026-05-17 20:52:57,673 : INFO : EventManager : Event: ======'timer_attract_music_stop_timer_tick'====== Args={'ticks': 1, 'ticks_remaining': 119}
2026-05-17 20:52:58,672 : INFO : EventManager : Event: ======'timer_attract_music_stop_timer_tick'====== Args={'ticks': 2, 'ticks_remaining': 118}
2026-05-17 20:52:58,672 : INFO : coil.c_start_button_led : Enabling Driver with power 1.0 (pulse_ms 10ms and pulse_power 1.0)
2026-05-17 20:52:59,672 : INFO : coil.c_start_button_led : Disabling Driver
2026-05-17 20:52:59,672 : INFO : EventManager : Event: ======'timer_attract_music_stop_timer_tick'====== Args={'ticks': 3, 'ticks_remaining': 117}
2026-05-17 20:53:00,672 : INFO : EventManager : Event: ======'timer_attract_music_stop_timer_tick'====== Args={'ticks': 4, 'ticks_remaining': 116}
2026-05-17 20:53:00,672 : INFO : coil.c_start_button_led : Enabling Driver with power 1.0 (pulse_ms 10ms and pulse_power 1.0)
2026-05-17 20:53:01,677 : INFO : coil.c_start_button_led : Disabling Driver
2026-05-17 20:53:01,677 : INFO : EventManager : Event: ======'timer_attract_music_stop_timer_tick'====== Args={'ticks': 5, 'ticks_remaining': 115}
2026-05-17 20:53:02,680 : INFO : EventManager : Event: ======'timer_attract_music_stop_timer_tick'====== Args={'ticks': 6, 'ticks_remaining': 114}
2026-05-17 20:53:02,680 : INFO : coil.c_start_button_led : Enabling Driver with power 1.0 (pulse_ms 10ms and pulse_power 1.0)
2026-05-17 20:53:03,680 : INFO : coil.c_start_button_led : Disabling Driver
2026-05-17 20:53:03,680 : INFO : Timer.attract_carousel_timer : Timer Complete
2026-05-17 20:53:03,680 : INFO : Timer.attract_carousel_timer : Stopping Timer
2026-05-17 20:53:03,680 : INFO : EventManager : Event: ======'timer_attract_carousel_timer_stopped'====== Args={'ticks': 1, 'ticks_remaining': 1}
2026-05-17 20:53:03,680 : INFO : EventManager : Event: ======'timer_attract_carousel_timer_complete'====== Args={'ticks': 1, 'ticks_remaining': 1}
2026-05-17 20:53:03,681 : INFO : EventManager : Event: ======'timer_attract_music_stop_timer_tick'====== Args={'ticks': 7, 'ticks_remaining': 113}
2026-05-17 20:53:03,682 : INFO : EventManager : Event: ======'carousel_item_highlighted'====== Args={'carousel': 'attract', 'direction': 'forwards', 'item': 'presented_by'}
2026-05-17 20:53:03,682 : INFO : Timer.attract_carousel_timer : Starting Timer.
2026-05-17 20:53:03,682 : INFO : EventManager : Event: ======'timer_attract_carousel_timer_started'====== Args={'ticks': 0, 'ticks_remaining': 1}
2026-05-17 20:53:03,682 : INFO : EventManager : Event: ======'timer_attract_carousel_timer_tick'====== Args={'ticks': 0, 'ticks_remaining': 1}
2026-05-17 20:53:04,676 : INFO : EventManager : Event: ======'timer_attract_music_stop_timer_tick'====== Args={'ticks': 8, 'ticks_remaining': 112}
2026-05-17 20:53:04,677 : INFO : coil.c_start_button_led : Enabling Driver with power 1.0 (pulse_ms 10ms and pulse_power 1.0)
2026-05-17 20:53:05,673 : INFO : coil.c_start_button_led : Disabling Driver
2026-05-17 20:53:05,673 : INFO : EventManager : Event: ======'timer_attract_music_stop_timer_tick'====== Args={'ticks': 9, 'ticks_remaining': 111}
2026-05-17 20:53:06,669 : INFO : EventManager : Event: ======'timer_attract_music_stop_timer_tick'====== Args={'ticks': 10, 'ticks_remaining': 110}
2026-05-17 20:53:06,669 : INFO : coil.c_start_button_led : Enabling Driver with power 1.0 (pulse_ms 10ms and pulse_power 1.0)
2026-05-17 20:53:07,667 : INFO : coil.c_start_button_led : Disabling Driver
2026-05-17 20:53:07,667 : INFO : EventManager : Event: ======'timer_attract_music_stop_timer_tick'====== Args={'ticks': 11, 'ticks_remaining': 109}
2026-05-17 20:53:08,672 : INFO : coil.c_start_button_led : Enabling Driver with power 1.0 (pulse_ms 10ms and pulse_power 1.0)
2026-05-17 20:53:08,672 : INFO : EventManager : Event: ======'timer_attract_music_stop_timer_tick'====== Args={'ticks': 12, 'ticks_remaining': 108}
2026-05-17 20:53:08,674 : INFO : EventManager : Event: ======'attract_cycle_step2'====== Args={}
2026-05-17 20:53:09,674 : INFO : EventManager : Event: ======'timer_attract_music_stop_timer_tick'====== Args={'ticks': 13, 'ticks_remaining': 107}
2026-05-17 20:53:09,674 : INFO : coil.c_start_button_led : Disabling Driver
2026-05-17 20:53:10,680 : INFO : coil.c_start_button_led : Enabling Driver with power 1.0 (pulse_ms 10ms and pulse_power 1.0)
2026-05-17 20:53:10,680 : INFO : Timer.attract_carousel_timer : Timer Complete
2026-05-17 20:53:10,680 : INFO : Timer.attract_carousel_timer : Stopping Timer
2026-05-17 20:53:10,680 : INFO : EventManager : Event: ======'timer_attract_carousel_timer_stopped'====== Args={'ticks': 1, 'ticks_remaining': 1}
2026-05-17 20:53:10,680 : INFO : EventManager : Event: ======'timer_attract_carousel_timer_complete'====== Args={'ticks': 1, 'ticks_remaining': 1}
2026-05-17 20:53:10,681 : INFO : EventManager : Event: ======'timer_attract_music_stop_timer_tick'====== Args={'ticks': 14, 'ticks_remaining': 106}
2026-05-17 20:53:10,681 : INFO : EventManager : Event: ======'carousel_item_highlighted'====== Args={'carousel': 'attract', 'direction': 'forwards', 'item': 'hotrod_pinball_logo'}
2026-05-17 20:53:10,682 : INFO : Timer.attract_carousel_timer : Starting Timer.
2026-05-17 20:53:10,682 : INFO : EventManager : Event: ======'timer_attract_carousel_timer_started'====== Args={'ticks': 0, 'ticks_remaining': 1}
2026-05-17 20:53:10,682 : INFO : EventManager : Event: ======'timer_attract_carousel_timer_tick'====== Args={'ticks': 0, 'ticks_remaining': 1}
2026-05-17 20:53:11,667 : INFO : coil.c_start_button_led : Disabling Driver
2026-05-17 20:53:11,667 : INFO : EventManager : Event: ======'timer_attract_music_stop_timer_tick'====== Args={'ticks': 15, 'ticks_remaining': 105}
2026-05-17 20:53:12,667 : INFO : coil.c_start_button_led : Enabling Driver with power 1.0 (pulse_ms 10ms and pulse_power 1.0)
2026-05-17 20:53:12,667 : INFO : EventManager : Event: ======'timer_attract_music_stop_timer_tick'====== Args={'ticks': 16, 'ticks_remaining': 104}
2026-05-17 20:53:13,011 : INFO : Machine : Shutting down...
2026-05-17 20:53:13,011 : INFO : EventManager : Event: ======'shutdown'====== Args={}
2026-05-17 20:53:13,125 : INFO : root : MPF run loop ended.
