2026-05-11 14:50:30,479 : INFO : root : Loading config.
2026-05-11 14:50:30,483 : INFO : YamlMultifileConfigLoader : Machine config file #1: config.yaml
2026-05-11 14:50:30,485 : INFO : ConfigProcessor : Loading config from cache: C:\Users\White\AppData\Local\Temp\39c4b34018bdb564eab7cf26b7f669ee.mpf_cache
2026-05-11 14:50:30,593 : INFO : ConfigProcessor : Loading config from cache: C:\Users\White\AppData\Local\Temp\dcfa5ee5b10d64a3b94fd534c1aa451d.mpf_cache
2026-05-11 14:50:30,594 : INFO : ConfigProcessor : Loading config from cache: C:\Users\White\AppData\Local\Temp\91cc4d1c993c58dc354e34974b9cfeac.mpf_cache
2026-05-11 14:50:30,595 : INFO : ConfigProcessor : Loading config from cache: C:\Users\White\AppData\Local\Temp\35b01af7767e50eba76da865e2d7f95a.mpf_cache
2026-05-11 14:50:30,596 : INFO : ConfigProcessor : Loading config from cache: C:\Users\White\AppData\Local\Temp\954a0964095d05f049666b24b311e3e0.mpf_cache
2026-05-11 14:50:30,596 : INFO : ConfigProcessor : Loading config from cache: C:\Users\White\AppData\Local\Temp\dcfa5ee5b10d64a3b94fd534c1aa451d.mpf_cache
2026-05-11 14:50:30,597 : INFO : ConfigProcessor : Loading config from cache: C:\Users\White\AppData\Local\Temp\a9244cf73bd1b995c8229a78fecf001a.mpf_cache
2026-05-11 14:50:30,598 : INFO : ConfigProcessor : Loading config from cache: C:\Users\White\AppData\Local\Temp\45fc6500cf8fab1ef48d0c2f81501272.mpf_cache
2026-05-11 14:50:30,599 : INFO : ConfigProcessor : Loading config from cache: C:\Users\White\AppData\Local\Temp\981e6839caefcab32cd6f1225f0b1dcf.mpf_cache
2026-05-11 14:50:30,600 : WARNING : ConfigProcessor : Config file in cache changed: C:\Users\White\documents\top_gun_pinball\modes\battle_jester\config\battle_jester.yaml
2026-05-11 14:50:30,600 : INFO : ConfigProcessor : Loading config from file C:\Users\White\documents\top_gun_pinball\modes\battle_jester\config\battle_jester.yaml.
2026-05-11 14:50:30,672 : INFO : ConfigProcessor : Loading config: C:\Users\White\documents\top_gun_pinball\modes\battle_jester\config\battle_jester.yaml
2026-05-11 14:50:30,677 : INFO : ConfigProcessor : Config file cache created: C:\Users\White\AppData\Local\Temp\78ac3c6ac2705ccef0aca6223f38636a.mpf_cache
2026-05-11 14:50:30,678 : WARNING : ConfigProcessor : Config file in cache changed: C:\Users\White\documents\top_gun_pinball\modes\below_the_hard_deck\config\below_the_hard_deck.yaml
2026-05-11 14:50:30,678 : INFO : ConfigProcessor : Loading config from file C:\Users\White\documents\top_gun_pinball\modes\below_the_hard_deck\config\below_the_hard_deck.yaml.
2026-05-11 14:50:30,728 : INFO : ConfigProcessor : Loading config: C:\Users\White\documents\top_gun_pinball\modes\below_the_hard_deck\config\below_the_hard_deck.yaml
2026-05-11 14:50:30,732 : INFO : ConfigProcessor : Config file cache created: C:\Users\White\AppData\Local\Temp\c416412e55ae5fd88a59da82f1a69a10.mpf_cache
2026-05-11 14:50:30,733 : INFO : ConfigProcessor : Loading config from cache: C:\Users\White\AppData\Local\Temp\a859aaec01fc9eda8e384946277a1be9.mpf_cache
2026-05-11 14:50:30,734 : INFO : ConfigProcessor : Loading config from cache: C:\Users\White\AppData\Local\Temp\3a2f2089f214eeb3c016e23cf6937b46.mpf_cache
2026-05-11 14:50:30,734 : WARNING : ConfigProcessor : Config file in cache changed: C:\Users\White\documents\top_gun_pinball\modes\cool_under_pressure\config\cool_under_pressure.yaml
2026-05-11 14:50:30,734 : INFO : ConfigProcessor : Loading config from file C:\Users\White\documents\top_gun_pinball\modes\cool_under_pressure\config\cool_under_pressure.yaml.
2026-05-11 14:50:30,786 : INFO : ConfigProcessor : Loading config: C:\Users\White\documents\top_gun_pinball\modes\cool_under_pressure\config\cool_under_pressure.yaml
2026-05-11 14:50:30,791 : INFO : ConfigProcessor : Config file cache created: C:\Users\White\AppData\Local\Temp\6a827c2f81d5d6872a5c3d42d5788ee1.mpf_cache
2026-05-11 14:50:30,791 : INFO : ConfigProcessor : Loading config from cache: C:\Users\White\AppData\Local\Temp\d70718505753edc7bfae94d93c7e0d17.mpf_cache
2026-05-11 14:50:30,792 : INFO : ConfigProcessor : Loading config from cache: C:\Users\White\AppData\Local\Temp\824f161cac9e4c9f1443132020691281.mpf_cache
2026-05-11 14:50:30,793 : INFO : ConfigProcessor : Loading config from cache: C:\Users\White\AppData\Local\Temp\cd2c211e15a4dbebeef94e6a26e93112.mpf_cache
2026-05-11 14:50:30,793 : INFO : ConfigProcessor : Loading config from cache: C:\Users\White\AppData\Local\Temp\ba6e93360aa60032a4b7b34f9cffdce0.mpf_cache
2026-05-11 14:50:30,795 : INFO : ConfigProcessor : Loading config from cache: C:\Users\White\AppData\Local\Temp\4b9937c7976ed5cd1d24a4fa4018324b.mpf_cache
2026-05-11 14:50:30,796 : INFO : ConfigProcessor : Loading config from cache: C:\Users\White\AppData\Local\Temp\a41099aaa8931854bf7aeb1131eb25f5.mpf_cache
2026-05-11 14:50:30,797 : INFO : ConfigProcessor : Loading config from cache: C:\Users\White\AppData\Local\Temp\4db056afb6ae3257643d7cc331e05161.mpf_cache
2026-05-11 14:50:30,798 : INFO : ConfigProcessor : Loading config from cache: C:\Users\White\AppData\Local\Temp\a18f6718f5a170b21c37bd725ebae781.mpf_cache
2026-05-11 14:50:30,799 : INFO : ConfigProcessor : Loading config from cache: C:\Users\White\AppData\Local\Temp\8709151c8d2d3863b5fceda4c115c736.mpf_cache
2026-05-11 14:50:30,800 : INFO : ConfigProcessor : Loading config from cache: C:\Users\White\AppData\Local\Temp\769cd60133e5c0b9a985e6e3690a3631.mpf_cache
2026-05-11 14:50:30,801 : INFO : ConfigProcessor : Loading config from cache: C:\Users\White\AppData\Local\Temp\3d468c7cedf90be47a7d01e42bb936d2.mpf_cache
2026-05-11 14:50:30,802 : INFO : ConfigProcessor : Loading config from cache: C:\Users\White\AppData\Local\Temp\40a956b62e63adb1fd6230e070cc416f.mpf_cache
2026-05-11 14:50:30,803 : INFO : ConfigProcessor : Loading config from cache: C:\Users\White\AppData\Local\Temp\88387b71764ec8c6867c539ea54a2040.mpf_cache
2026-05-11 14:50:30,804 : INFO : ConfigProcessor : Loading config from cache: C:\Users\White\AppData\Local\Temp\2b752b47ed38224cd6b4953549e961ec.mpf_cache
2026-05-11 14:50:30,806 : INFO : ConfigProcessor : Loading config from cache: C:\Users\White\AppData\Local\Temp\bc5a83a7db04a21de896bef4617be537.mpf_cache
2026-05-11 14:50:30,808 : INFO : ConfigProcessor : Loading config from cache: C:\Users\White\AppData\Local\Temp\f74d72009f4dabec10fde825e0863a15.mpf_cache
2026-05-11 14:50:30,809 : INFO : ConfigProcessor : Loading config from cache: C:\Users\White\AppData\Local\Temp\66496f3db5355e441b1bd8ecccd57f05.mpf_cache
2026-05-11 14:50:30,811 : INFO : ConfigProcessor : Loading config from cache: C:\Users\White\AppData\Local\Temp\0ae832768984a3aa01ae31edc15ba990.mpf_cache
2026-05-11 14:50:30,812 : INFO : ConfigProcessor : Loading config from cache: C:\Users\White\AppData\Local\Temp\9c1b225c26aeb4cc019e2ce322947706.mpf_cache
2026-05-11 14:50:30,813 : INFO : ConfigProcessor : Loading config from cache: C:\Users\White\AppData\Local\Temp\cd7a088f79b0efe4ef0e6c248f30ea7a.mpf_cache
2026-05-11 14:50:30,815 : INFO : ConfigProcessor : Loading config from cache: C:\Users\White\AppData\Local\Temp\9ea7462f1dcba752602eb310d0ad4a44.mpf_cache
2026-05-11 14:50:30,816 : INFO : ConfigProcessor : Loading config from cache: C:\Users\White\AppData\Local\Temp\96651e0be7a1992a8a7abf26a9350bb6.mpf_cache
2026-05-11 14:50:30,817 : INFO : ConfigProcessor : Loading config from cache: C:\Users\White\AppData\Local\Temp\cbfc37a30bf6aa1a7a2aa4e455a94298.mpf_cache
2026-05-11 14:50:30,818 : INFO : ConfigProcessor : Loading config from cache: C:\Users\White\AppData\Local\Temp\fccb93411cf20b3ccac68b1dad0cbb88.mpf_cache
2026-05-11 14:50:30,819 : INFO : ConfigProcessor : Loading config from cache: C:\Users\White\AppData\Local\Temp\e16268268679c5881d2554ba916948dd.mpf_cache
2026-05-11 14:50:30,821 : INFO : ConfigProcessor : Loading config from cache: C:\Users\White\AppData\Local\Temp\81f3f7be5108efd0b69d2cf71a558028.mpf_cache
2026-05-11 14:50:30,822 : INFO : ConfigProcessor : Loading config from cache: C:\Users\White\AppData\Local\Temp\a97027ed54ab7f7f55eb3caa54f968f3.mpf_cache
2026-05-11 14:50:30,823 : INFO : ConfigProcessor : Loading config from cache: C:\Users\White\AppData\Local\Temp\fd6f0b40037ebf84651c592cbc8bc03a.mpf_cache
2026-05-11 14:50:30,824 : INFO : ConfigProcessor : Loading config from cache: C:\Users\White\AppData\Local\Temp\e1cebbcae09bac7286b592746f768daa.mpf_cache
2026-05-11 14:50:30,824 : INFO : ConfigProcessor : Loading config from cache: C:\Users\White\AppData\Local\Temp\55d5943d63961b44af3f854c02c721ad.mpf_cache
2026-05-11 14:50:30,826 : INFO : ConfigProcessor : Loading config from cache: C:\Users\White\AppData\Local\Temp\43f523791758ce46d2ad099d1ecb5a1a.mpf_cache
2026-05-11 14:50:30,827 : INFO : ConfigProcessor : Loading config from cache: C:\Users\White\AppData\Local\Temp\be0cea2a7d47c7cf979c3644b39972ab.mpf_cache
2026-05-11 14:50:30,828 : INFO : ConfigProcessor : Loading config from cache: C:\Users\White\AppData\Local\Temp\8f22b463b668cef8fc8e91f8271e08dd.mpf_cache
2026-05-11 14:50:30,831 : INFO : ConfigProcessor : Loading config from cache: C:\Users\White\AppData\Local\Temp\9ac10604873d355c34af0d8445abb8db.mpf_cache
2026-05-11 14:50:30,834 : INFO : ConfigProcessor : Loading config from cache: C:\Users\White\AppData\Local\Temp\77e3efdaa7991fde2ded950a578d622d.mpf_cache
2026-05-11 14:50:30,837 : INFO : ConfigProcessor : Loading config from cache: C:\Users\White\AppData\Local\Temp\19da4e94fc5ce3c5f810a9c7463c1354.mpf_cache
2026-05-11 14:50:30,838 : INFO : ConfigProcessor : Loading config from cache: C:\Users\White\AppData\Local\Temp\4443efc54f3a5f57a313f4078fbddd50.mpf_cache
2026-05-11 14:50:30,840 : INFO : ConfigProcessor : Loading config from cache: C:\Users\White\AppData\Local\Temp\88f72734ea72fc22245e5b82d5a75cb6.mpf_cache
2026-05-11 14:50:30,842 : INFO : ConfigProcessor : Loading config from cache: C:\Users\White\AppData\Local\Temp\2b3f78690e4e473b8e5df94cdc0ab039.mpf_cache
2026-05-11 14:50:30,843 : INFO : ConfigProcessor : Loading config from cache: C:\Users\White\AppData\Local\Temp\fa987fd2c3266ab64543e0b64578d739.mpf_cache
2026-05-11 14:50:30,846 : INFO : ConfigProcessor : Loading config from cache: C:\Users\White\AppData\Local\Temp\f26c5a15de77ef0685e209821eddbe7d.mpf_cache
2026-05-11 14:50:30,848 : INFO : ConfigProcessor : Loading config from cache: C:\Users\White\AppData\Local\Temp\c2c1510818de090aac140fad4cc773a2.mpf_cache
2026-05-11 14:50:30,849 : INFO : ConfigProcessor : Loading config from cache: C:\Users\White\AppData\Local\Temp\98d3d7eb23a2f141af3b9c324af06e38.mpf_cache
2026-05-11 14:50:30,856 : INFO : ConfigProcessor : Loading config from cache: C:\Users\White\AppData\Local\Temp\9a3b340b295c94e005fb29d2d35803d1.mpf_cache
2026-05-11 14:50:30,862 : INFO : ConfigProcessor : Loading config from cache: C:\Users\White\AppData\Local\Temp\6a788fdfb83194d81af99a12c59a319a.mpf_cache
2026-05-11 14:50:30,865 : INFO : ConfigProcessor : Loading config from cache: C:\Users\White\AppData\Local\Temp\2fe82acdc56ea652ff3066fd375b17fa.mpf_cache
2026-05-11 14:50:30,867 : INFO : ConfigProcessor : Loading config from cache: C:\Users\White\AppData\Local\Temp\d567fbe46807f36791c9019d207c2440.mpf_cache
2026-05-11 14:50:30,868 : INFO : ConfigProcessor : Loading config from cache: C:\Users\White\AppData\Local\Temp\b81a2f9431aaa1a40681603f4f13c3d2.mpf_cache
2026-05-11 14:50:30,870 : INFO : ConfigProcessor : Loading config from cache: C:\Users\White\AppData\Local\Temp\92e144f57e074048034118dddced307a.mpf_cache
2026-05-11 14:50:30,871 : INFO : ConfigProcessor : Loading config from cache: C:\Users\White\AppData\Local\Temp\4e3068d09bb0285319ebd926b91ae940.mpf_cache
2026-05-11 14:50:30,872 : INFO : ConfigProcessor : Loading config from cache: C:\Users\White\AppData\Local\Temp\e5ea79f25cd6e043f8fb75b2032d482e.mpf_cache
2026-05-11 14:50:30,873 : INFO : ConfigProcessor : Loading config from cache: C:\Users\White\AppData\Local\Temp\9947d160cef245c9a8496495e8a78885.mpf_cache
2026-05-11 14:50:30,873 : INFO : ConfigProcessor : Loading config from cache: C:\Users\White\AppData\Local\Temp\923f5edd3096433804c151ef9ced7fb1.mpf_cache
2026-05-11 14:50:30,874 : INFO : ConfigProcessor : Loading config from cache: C:\Users\White\AppData\Local\Temp\669bfab06c6aa3a1674b0f4b50ae7a3c.mpf_cache
2026-05-11 14:50:30,875 : INFO : ConfigProcessor : Loading config from cache: C:\Users\White\AppData\Local\Temp\81e3ac1306f02cfb95eeca67698417dc.mpf_cache
2026-05-11 14:50:30,876 : INFO : ConfigProcessor : Loading config from cache: C:\Users\White\AppData\Local\Temp\a6fe037899bc77554e846472e6476319.mpf_cache
2026-05-11 14:50:30,876 : INFO : ConfigProcessor : Loading config from cache: C:\Users\White\AppData\Local\Temp\cd20ab9d6bcfc3d94797e381db389ad9.mpf_cache
2026-05-11 14:50:30,877 : INFO : ConfigProcessor : Loading config from cache: C:\Users\White\AppData\Local\Temp\d763b47a22b017336bfbe57a6af89149.mpf_cache
2026-05-11 14:50:30,878 : INFO : ConfigProcessor : Loading config from cache: C:\Users\White\AppData\Local\Temp\386baade319655b6aedfa45ddbf562f0.mpf_cache
2026-05-11 14:50:30,879 : INFO : ConfigProcessor : Loading config from cache: C:\Users\White\AppData\Local\Temp\f939ce46d02c41a03afd31c4270c8c55.mpf_cache
2026-05-11 14:50:30,881 : INFO : ConfigProcessor : Loading config from cache: C:\Users\White\AppData\Local\Temp\59ab671ab96a4594304638e27b0542c8.mpf_cache
2026-05-11 14:50:30,882 : INFO : ConfigProcessor : Loading config from cache: C:\Users\White\AppData\Local\Temp\0ba5adb65e1d75578edd80699100c28e.mpf_cache
2026-05-11 14:50:30,883 : INFO : ConfigProcessor : Loading config from cache: C:\Users\White\AppData\Local\Temp\b5471f08be9278463d25e3c2f06df8dd.mpf_cache
2026-05-11 14:50:30,884 : INFO : ConfigProcessor : Loading config from cache: C:\Users\White\AppData\Local\Temp\e9dfca965102979619879287aaffd4da.mpf_cache
2026-05-11 14:50:30,884 : INFO : ConfigProcessor : Loading config from cache: C:\Users\White\AppData\Local\Temp\ce1ea71bb3ca3937ce71fdff0b263bdb.mpf_cache
2026-05-11 14:50:30,885 : INFO : ConfigProcessor : Loading config from cache: C:\Users\White\AppData\Local\Temp\29b7b020f0513127005b35e19f0d78e3.mpf_cache
2026-05-11 14:50:30,886 : INFO : ConfigProcessor : Loading config from cache: C:\Users\White\AppData\Local\Temp\a19f4094f571d5e3f4a6bb0d76ddc2bd.mpf_cache
2026-05-11 14:50:30,886 : INFO : ConfigProcessor : Loading config from cache: C:\Users\White\AppData\Local\Temp\2df17da133132edc82ded3ea13a7f2d2.mpf_cache
2026-05-11 14:50:30,887 : INFO : ConfigProcessor : Loading config from cache: C:\Users\White\AppData\Local\Temp\6e45c09d2e2fb19b3ec22c705aafb8a5.mpf_cache
2026-05-11 14:50:30,888 : INFO : ConfigProcessor : Loading config from cache: C:\Users\White\AppData\Local\Temp\e8d87e5ea50ea035195c03c37d485b96.mpf_cache
2026-05-11 14:50:30,888 : INFO : ConfigProcessor : Loading config from cache: C:\Users\White\AppData\Local\Temp\19e4bb8a4a9bf220e72c77e0c232cd72.mpf_cache
2026-05-11 14:50:30,889 : INFO : ConfigProcessor : Loading config from cache: C:\Users\White\AppData\Local\Temp\3719082fa9c5864b8378f7ec54f99cf0.mpf_cache
2026-05-11 14:50:30,890 : INFO : ConfigProcessor : Loading config from cache: C:\Users\White\AppData\Local\Temp\49cfb4bed9324bfe32f6074e3237ab91.mpf_cache
2026-05-11 14:50:30,890 : INFO : ConfigProcessor : Loading config from cache: C:\Users\White\AppData\Local\Temp\a3c5a80388cfc77cd0b14076a224a42b.mpf_cache
2026-05-11 14:50:30,893 : INFO : ConfigProcessor : Loading config from cache: C:\Users\White\AppData\Local\Temp\a48c8ce24f2758d196071669d149efd3.mpf_cache
2026-05-11 14:50:30,893 : INFO : ConfigProcessor : Loading config from cache: C:\Users\White\AppData\Local\Temp\1ed53c621b8f6af903a3041468102589.mpf_cache
2026-05-11 14:50:30,894 : INFO : ConfigProcessor : Loading config from cache: C:\Users\White\AppData\Local\Temp\41a845a48ffaa7677954152e6e297d40.mpf_cache
2026-05-11 14:50:30,895 : INFO : ConfigProcessor : Loading config from cache: C:\Users\White\AppData\Local\Temp\45a44881320e4c811d0578688ed7af5f.mpf_cache
2026-05-11 14:50:30,895 : INFO : ConfigProcessor : Loading config from cache: C:\Users\White\AppData\Local\Temp\b17acfedfaf18761d1b243a909fa6e25.mpf_cache
2026-05-11 14:50:30,896 : INFO : ConfigProcessor : Loading config from cache: C:\Users\White\AppData\Local\Temp\0352b9b582e3dca83b90b72973f30cb3.mpf_cache
2026-05-11 14:50:30,896 : INFO : ConfigProcessor : Loading config from cache: C:\Users\White\AppData\Local\Temp\5f9963cc4a0205527c292dff60ac95bf.mpf_cache
2026-05-11 14:50:30,897 : INFO : ConfigProcessor : Loading config from cache: C:\Users\White\AppData\Local\Temp\7d9d3a879fccd9ce7a432e5bad71a77d.mpf_cache
2026-05-11 14:50:30,898 : INFO : ConfigProcessor : Loading config from cache: C:\Users\White\AppData\Local\Temp\43a2267f77020b63ca7745b7b3fb05c5.mpf_cache
2026-05-11 14:50:30,899 : INFO : ConfigProcessor : Loading config from cache: C:\Users\White\AppData\Local\Temp\37a4804cb847e12400be24a6c2bfa250.mpf_cache
2026-05-11 14:50:30,900 : INFO : ConfigProcessor : Loading config from cache: C:\Users\White\AppData\Local\Temp\63828b82b94aa94cbe7d3a7a04305cb7.mpf_cache
2026-05-11 14:50:30,901 : INFO : ConfigProcessor : Loading config from cache: C:\Users\White\AppData\Local\Temp\c6c68f34067f4d4cd8da7c0d895bd8a2.mpf_cache
2026-05-11 14:50:30,903 : INFO : ConfigProcessor : Loading config from cache: C:\Users\White\AppData\Local\Temp\0420af4d870b9d4dca0c113858eeb892.mpf_cache
2026-05-11 14:50:30,904 : INFO : ConfigProcessor : Loading config from cache: C:\Users\White\AppData\Local\Temp\29db96f2862a8d571fce5d97e7bfa998.mpf_cache
2026-05-11 14:50:30,905 : INFO : ConfigProcessor : Loading config from cache: C:\Users\White\AppData\Local\Temp\c4e65309e05241fe1ada1112ae55c9ef.mpf_cache
2026-05-11 14:50:30,906 : INFO : ConfigProcessor : Loading config from cache: C:\Users\White\AppData\Local\Temp\bcabc7c4504a6189bbb8c27e26d16460.mpf_cache
2026-05-11 14:50:30,906 : INFO : ConfigProcessor : Loading config from cache: C:\Users\White\AppData\Local\Temp\6855b42a221992257d709a7391c0c3e8.mpf_cache
2026-05-11 14:50:30,907 : INFO : Machine : Mission Pinball Framework Core Engine v0.80.0.dev11
2026-05-11 14:50:30,907 : INFO : Machine : Command line arguments: {'no_load_cache': False, 'create_config_cache': True, 'bcp': True, 'configfile': ['config.yaml'], 'force_assets_load': False, 'platform_integration_test': False, 'jsonlogging': False, 'logfile': 'logs\\2026-05-11-14-50-30-mpf-TopGunPinball.log', 'pause': False, 'production': False, 'text_ui': False, 'loglevel': 15, 'consoleloglevel': 20, 'force_platform': None, 'syslog_address': None, 'full_logfile_path': 'C:\\Users\\White\\documents\\top_gun_pinball\\logs\\2026-05-11-14-50-30-mpf-TopGunPinball.log'}
2026-05-11 14:50:30,907 : INFO : Machine : MPF path: C:\Users\White\mpf\Lib\site-packages\mpf
2026-05-11 14:50:30,907 : INFO : Machine : Machine path: C:\Users\White\documents\top_gun_pinball
2026-05-11 14:50:30,907 : INFO : Machine : Platform: win32
2026-05-11 14:50:30,907 : INFO : Machine : Python executable location: C:\Users\White\mpf\Scripts\python.exe
2026-05-11 14:50:30,907 : INFO : Machine : Python version: 3.12.7 (64-bit)
2026-05-11 14:50:30,910 : INFO : Machine : Initializing MPF...
2026-05-11 14:50:31,022 : INFO : FAST : Auto-detecting ports for the following connections: ['net', 'exp', 'aud']
2026-05-11 14:50:31,542 : INFO : FAST : Detected AUD on port COM7
2026-05-11 14:50:31,542 : INFO : FAST : Detected NET on port COM3
2026-05-11 14:50:31,559 : INFO : FAST : Detected EXP on port COM4
2026-05-11 14:50:31,670 : INFO : FAST [NET] : Trying to connect to COM3 at 921600bps
2026-05-11 14:50:31,747 : INFO : FAST [NET] : Connected to COM3 at 921600bps
2026-05-11 14:50:31,763 : INFO : FAST [NET] : Connected to FP-CPU-2000 with firmware v02.26
2026-05-11 14:50:31,794 : INFO : FAST [NET] : Registered I/O Board 0: Model: FP-I/O-0024, Firmware: 01.10, Switches: 24, Drivers: 8
2026-05-11 14:50:31,809 : INFO : FAST [NET] : Registered I/O Board 1: Model: FP-I/O-3208, Firmware: 01.10, Switches: 32, Drivers: 8
2026-05-11 14:50:31,824 : INFO : FAST [NET] : Registered I/O Board 2: Model: FP-I/O-3208, Firmware: 01.10, Switches: 32, Drivers: 8
2026-05-11 14:50:31,840 : INFO : FAST [NET] : Registered I/O Board 3: Model: FP-I/O-0804, Firmware: 01.10, Switches: 8, Drivers: 4
2026-05-11 14:50:31,855 : INFO : FAST [NET] : Registered I/O Board 4: Model: FP-I/O-0804, Firmware: 01.10, Switches: 8, Drivers: 4
2026-05-11 14:50:31,857 : INFO : FAST [EXP] : Trying to connect to COM4 at 921600bps
2026-05-11 14:50:31,935 : INFO : FAST [EXP] : Connected to COM4 at 921600bps
2026-05-11 14:50:31,950 : INFO : FAST [EXP] : Verifying hardware for EXP "neuron" (FP-EXP-2000, @48) with ID string "EXP FP-EXP-2000  0.38", board address 48
2026-05-11 14:50:31,966 : INFO : FAST [EXP] : Verifying hardware for EXP "neuron" (FP-EXP-2000, @48) with ID string "LED FP-BRK-0001  0.8", board address 480
2026-05-11 14:50:31,996 : INFO : FAST [EXP] : Verifying hardware for EXP "light_expansion_board" (FP-EXP-0071, @B4) with ID string "EXP FP-EXP-0071  0.38", board address B4
2026-05-11 14:50:32,012 : INFO : FAST [EXP] : Verifying hardware for EXP "light_expansion_board" (FP-EXP-0071, @B4) with ID string "BRK FP-EXP-0071  0.38", board address B40
2026-05-11 14:50:32,044 : INFO : FAST [EXP] : Verifying hardware for EXP "shaker_board" (FP-EXP-1313, @30) with ID string "EXP FP-EXP-1313  0.48", board address 30
2026-05-11 14:50:32,059 : INFO : FAST [EXP] : Verifying hardware for EXP "shaker_board" (FP-EXP-1313, @30) with ID string "BRK FP-EXP-1313  0.48", board address 300
2026-05-11 14:50:32,077 : INFO : FAST [AUD] : Trying to connect to COM7 at 230400bps
2026-05-11 14:50:32,243 : INFO : FAST [AUD] : Connected to COM7 at 230400bps
2026-05-11 14:50:32,243 : WARNING : FAST [AUD] : Received XX response:F
2026-05-11 14:50:32,244 : WARNING : FAST [AUD] : Received XX response:F
2026-05-11 14:50:32,244 : WARNING : FAST [AUD] : Received XX response:F
2026-05-11 14:50:32,244 : WARNING : FAST [AUD] : Received XX response:F
2026-05-11 14:50:32,244 : INFO : FAST [AUD] : Connected to FP-AUD-0099 with firmware v0.10
2026-05-11 14:50:32,245 : INFO : EventManager : Event: ======'machine_var_credits_string'====== Args={'value': 'FREE PLAY', 'prev_value': None, 'change': True}
2026-05-11 14:50:32,275 : INFO : EventManager : Event: ======'machine_var_audit_balls_played'====== Args={'value': 0, 'prev_value': None, 'change': True}
2026-05-11 14:50:32,275 : INFO : EventManager : Event: ======'machine_var_audit_games_played'====== Args={'value': 0, 'prev_value': None, 'change': True}
2026-05-11 14:50:32,275 : INFO : EventManager : Event: ======'machine_var_audit_high_score'====== Args={'value': 0, 'prev_value': None, 'change': True}
2026-05-11 14:50:32,275 : INFO : EventManager : Event: ======'machine_var_audit_total_game_time'====== Args={'value': 0, 'prev_value': None, 'change': True}
2026-05-11 14:50:32,275 : INFO : EventManager : Event: ======'machine_var_audit_total_plays'====== Args={'value': 0, 'prev_value': None, 'change': True}
2026-05-11 14:50:32,276 : INFO : EventManager : Event: ======'machine_var_fast_audio_headphones_volume'====== Args={'value': 50, 'prev_value': None, 'change': True}
2026-05-11 14:50:32,276 : INFO : EventManager : Event: ======'machine_var_fast_audio_main_volume'====== Args={'value': 40, 'prev_value': None, 'change': True}
2026-05-11 14:50:32,276 : INFO : EventManager : Event: ======'machine_var_master_volume'====== Args={'value': 0.5, 'prev_value': None, 'change': True}
2026-05-11 14:50:32,276 : INFO : EventManager : Event: ======'machine_var_player1_score'====== Args={'value': 9575250, 'prev_value': None, 'change': True}
2026-05-11 14:50:32,276 : INFO : EventManager : Event: ======'machine_var_service_menu_level'====== Args={'value': 0, 'prev_value': None, 'change': True}
2026-05-11 14:50:32,276 : INFO : EventManager : Event: ======'machine_var_service_main_index'====== Args={'value': 0, 'prev_value': None, 'change': True}
2026-05-11 14:50:32,276 : INFO : EventManager : Event: ======'machine_var_service_switch_index'====== Args={'value': 0, 'prev_value': None, 'change': True}
2026-05-11 14:50:32,276 : INFO : EventManager : Event: ======'machine_var_service_coil_index'====== Args={'value': 0, 'prev_value': None, 'change': True}
2026-05-11 14:50:32,276 : INFO : EventManager : Event: ======'machine_var_service_light_index'====== Args={'value': 0, 'prev_value': None, 'change': True}
2026-05-11 14:50:32,276 : INFO : EventManager : Event: ======'machine_var_service_light_color_index'====== Args={'value': 0, 'prev_value': None, 'change': True}
2026-05-11 14:50:32,276 : INFO : EventManager : Event: ======'machine_var_service_adjustment_index'====== Args={'value': 0, 'prev_value': None, 'change': True}
2026-05-11 14:50:32,276 : INFO : EventManager : Event: ======'machine_var_service_audit_index'====== Args={'value': 0, 'prev_value': None, 'change': True}
2026-05-11 14:50:32,276 : INFO : EventManager : Event: ======'machine_var_service_feature_index'====== Args={'value': 0, 'prev_value': None, 'change': True}
2026-05-11 14:50:32,276 : INFO : EventManager : Event: ======'machine_var_service_main_text'====== Args={'value': 'SWITCH TEST', 'prev_value': None, 'change': True}
2026-05-11 14:50:32,276 : INFO : EventManager : Event: ======'machine_var_service_switch_name'====== Args={'value': 'Start Button', 'prev_value': None, 'change': True}
2026-05-11 14:50:32,277 : INFO : EventManager : Event: ======'machine_var_service_switch_num'====== Args={'value': 'Switch 1/63', 'prev_value': None, 'change': True}
2026-05-11 14:50:32,277 : INFO : EventManager : Event: ======'machine_var_service_switch_state'====== Args={'value': 'OPEN', 'prev_value': None, 'change': True}
2026-05-11 14:50:32,277 : INFO : EventManager : Event: ======'machine_var_service_coil_name'====== Args={'value': 'Left Flipper', 'prev_value': None, 'change': True}
2026-05-11 14:50:32,277 : INFO : EventManager : Event: ======'machine_var_service_coil_num'====== Args={'value': 'Coil 1/22', 'prev_value': None, 'change': True}
2026-05-11 14:50:32,277 : INFO : EventManager : Event: ======'machine_var_service_light_name'====== Args={'value': 'Eject Insert', 'prev_value': None, 'change': True}
2026-05-11 14:50:32,277 : INFO : EventManager : Event: ======'machine_var_service_light_num'====== Args={'value': 'Light 1/91', 'prev_value': None, 'change': True}
2026-05-11 14:50:32,277 : INFO : EventManager : Event: ======'machine_var_service_servo_index'====== Args={'value': 0, 'prev_value': None, 'change': True}
2026-05-11 14:50:32,277 : INFO : EventManager : Event: ======'machine_var_service_servo_name'====== Args={'value': 'Right Ramp', 'prev_value': None, 'change': True}
2026-05-11 14:50:32,277 : INFO : EventManager : Event: ======'machine_var_service_servo_num'====== Args={'value': 'Servo 1/6', 'prev_value': None, 'change': True}
2026-05-11 14:50:32,277 : INFO : EventManager : Event: ======'machine_var_service_servo_position'====== Args={'value': 'Pos: 0.05', 'prev_value': None, 'change': True}
2026-05-11 14:50:32,277 : INFO : EventManager : Event: ======'machine_var_service_adjustment_name'====== Args={'value': 'Balls Per Game', 'prev_value': None, 'change': True}
2026-05-11 14:50:32,277 : INFO : EventManager : Event: ======'machine_var_service_adjustment_num'====== Args={'value': 'Setting 1/15', 'prev_value': None, 'change': True}
2026-05-11 14:50:32,277 : INFO : EventManager : Event: ======'machine_var_service_audit_name'====== Args={'value': 'Games Played', 'prev_value': None, 'change': True}
2026-05-11 14:50:32,277 : INFO : EventManager : Event: ======'machine_var_service_audit_num'====== Args={'value': 'Audit 1/10', 'prev_value': None, 'change': True}
2026-05-11 14:50:32,277 : INFO : EventManager : Event: ======'machine_var_service_feature_name'====== Args={'value': 'Pilot Mode Timer', 'prev_value': None, 'change': True}
2026-05-11 14:50:32,278 : INFO : EventManager : Event: ======'machine_var_service_feature_num'====== Args={'value': 'Feature 1/10', 'prev_value': None, 'change': True}
2026-05-11 14:50:32,278 : INFO : EventManager : Event: ======'machine_var_ball_search_servo_count'====== Args={'value': 0, 'prev_value': None, 'change': True}
2026-05-11 14:50:32,278 : INFO : EventManager : Event: ======'machine_var_hs_letter_index'====== Args={'value': 0, 'prev_value': None, 'change': True}
2026-05-11 14:50:32,278 : INFO : EventManager : Event: ======'machine_var_hs_select_trigger'====== Args={'value': 0, 'prev_value': None, 'change': True}
2026-05-11 14:50:32,278 : INFO : EventManager : Event: ======'machine_var_hs_award_text'====== Args={'value': '', 'prev_value': None, 'change': True}
2026-05-11 14:50:32,278 : INFO : EventManager : Event: ======'machine_var_hs_player_num'====== Args={'value': 1, 'prev_value': None, 'change': True}
2026-05-11 14:50:32,278 : INFO : EventManager : Event: ======'machine_var_hs_score_value'====== Args={'value': 0, 'prev_value': None, 'change': True}
2026-05-11 14:50:32,278 : INFO : EventManager : Event: ======'machine_var_hs_entry_made'====== Args={'value': 0, 'prev_value': None, 'change': True}
2026-05-11 14:50:32,278 : INFO : EventManager : Event: ======'machine_var_mpf_version'====== Args={'value': 'Mission Pinball Framework v0.80.0.dev11', 'prev_value': None, 'change': True}
2026-05-11 14:50:32,278 : INFO : EventManager : Event: ======'machine_var_mpf_extended_version'====== Args={'value': 'Mission Pinball Framework v0.80.0.dev11, Config version:6, Show version: 6, BCP version:1.1', 'prev_value': None, 'change': True}
2026-05-11 14:50:32,279 : INFO : EventManager : Event: ======'machine_var_python_version'====== Args={'value': '3.12.7', 'prev_value': None, 'change': True}
2026-05-11 14:50:32,433 : INFO : EventManager : Event: ======'machine_var_platform'====== Args={'value': 'Windows-11-10.0.26200-SP0', 'prev_value': None, 'change': True}
2026-05-11 14:50:32,433 : INFO : EventManager : Event: ======'machine_var_platform_system'====== Args={'value': 'Windows', 'prev_value': None, 'change': True}
2026-05-11 14:50:32,433 : INFO : EventManager : Event: ======'machine_var_platform_release'====== Args={'value': '11', 'prev_value': None, 'change': True}
2026-05-11 14:50:32,433 : INFO : EventManager : Event: ======'machine_var_platform_version'====== Args={'value': '10.0.26200', 'prev_value': None, 'change': True}
2026-05-11 14:50:32,433 : INFO : EventManager : Event: ======'machine_var_platform_machine'====== Args={'value': 'AMD64', 'prev_value': None, 'change': True}
2026-05-11 14:50:32,433 : INFO : EventManager : Event: ======'machine_var_log_file_path'====== Args={'value': 'C:\\Users\\White\\documents\\top_gun_pinball\\logs\\2026-05-11-14-50-30-mpf-TopGunPinball.log', 'prev_value': None, 'change': True}
2026-05-11 14:50:32,434 : INFO : EventManager : Event: ======'init_phase_1'====== Args={}
2026-05-11 14:50:35,172 : INFO : SwitchController : <<<<<<< 's_48v_disable' active >>>>>>>
2026-05-11 14:50:35,172 : INFO : SwitchController : <<<<<<< 's_trough_1' active >>>>>>>
2026-05-11 14:50:35,172 : INFO : SwitchController : <<<<<<< 's_trough_2' active >>>>>>>
2026-05-11 14:50:35,172 : INFO : SwitchController : <<<<<<< 's_trough_3' active >>>>>>>
2026-05-11 14:50:35,172 : INFO : SwitchController : <<<<<<< 's_trough_4' active >>>>>>>
2026-05-11 14:50:35,172 : INFO : SwitchController : <<<<<<< 's_trough_5' active >>>>>>>
2026-05-11 14:50:35,173 : INFO : SwitchController : <<<<<<< 's_trough_6' active >>>>>>>
2026-05-11 14:50:35,222 : INFO : EventManager : Event: ======'init_phase_2'====== Args={}
2026-05-11 14:50:35,223 : INFO : SwitchController : Found active switch: (0, [FAST Platform Interface]) <switch.s_48v_disable>
2026-05-11 14:50:35,223 : INFO : SwitchController : Found active switch: (24, [FAST Platform Interface]) <switch.s_trough_1>
2026-05-11 14:50:35,223 : INFO : SwitchController : Found active switch: (25, [FAST Platform Interface]) <switch.s_trough_2>
2026-05-11 14:50:35,223 : INFO : SwitchController : Found active switch: (26, [FAST Platform Interface]) <switch.s_trough_3>
2026-05-11 14:50:35,223 : INFO : SwitchController : Found active switch: (27, [FAST Platform Interface]) <switch.s_trough_4>
2026-05-11 14:50:35,223 : INFO : SwitchController : Found active switch: (28, [FAST Platform Interface]) <switch.s_trough_5>
2026-05-11 14:50:35,223 : INFO : SwitchController : Found active switch: (29, [FAST Platform Interface]) <switch.s_trough_6>
2026-05-11 14:50:35,655 : INFO : EventManager : Event: ======'machine_var_score1_label'====== Args={'value': "You're the new top gun!", 'prev_value': None, 'change': True}
2026-05-11 14:50:35,655 : INFO : EventManager : Event: ======'machine_var_score1_name'====== Args={'value': 'BEH', 'prev_value': None, 'change': True}
2026-05-11 14:50:35,655 : INFO : EventManager : Event: ======'machine_var_score1_value'====== Args={'value': 31315500, 'prev_value': None, 'change': True}
2026-05-11 14:50:35,655 : INFO : EventManager : Event: ======'machine_var_score2_label'====== Args={'value': 'Almost at the top!', 'prev_value': None, 'change': True}
2026-05-11 14:50:35,655 : INFO : EventManager : Event: ======'machine_var_score2_name'====== Args={'value': 'BEH', 'prev_value': None, 'change': True}
2026-05-11 14:50:35,655 : INFO : EventManager : Event: ======'machine_var_score2_value'====== Args={'value': 29522025, 'prev_value': None, 'change': True}
2026-05-11 14:50:35,655 : INFO : EventManager : Event: ======'machine_var_score3_label'====== Args={'value': 'Never Leave your Wingman!', 'prev_value': None, 'change': True}
2026-05-11 14:50:35,655 : INFO : EventManager : Event: ======'machine_var_score3_name'====== Args={'value': 'BEH', 'prev_value': None, 'change': True}
2026-05-11 14:50:35,655 : INFO : EventManager : Event: ======'machine_var_score3_value'====== Args={'value': 28019671, 'prev_value': None, 'change': True}
2026-05-11 14:50:35,655 : INFO : EventManager : Event: ======'machine_var_score4_label'====== Args={'value': 'Are you a good Pilot?', 'prev_value': None, 'change': True}
2026-05-11 14:50:35,655 : INFO : EventManager : Event: ======'machine_var_score4_name'====== Args={'value': 'MAVERICK', 'prev_value': None, 'change': True}
2026-05-11 14:50:35,656 : INFO : EventManager : Event: ======'machine_var_score4_value'====== Args={'value': 25000000, 'prev_value': None, 'change': True}
2026-05-11 14:50:35,656 : INFO : EventManager : Event: ======'machine_var_score5_label'====== Args={'value': "It's the Cargo Plane for you!", 'prev_value': None, 'change': True}
2026-05-11 14:50:35,656 : INFO : EventManager : Event: ======'machine_var_score5_name'====== Args={'value': 'BEH', 'prev_value': None, 'change': True}
2026-05-11 14:50:35,656 : INFO : EventManager : Event: ======'machine_var_score5_value'====== Args={'value': 21377200, 'prev_value': None, 'change': True}
2026-05-11 14:50:35,656 : INFO : EventManager : Event: ======'machine_var_score6_label'====== Args={'value': '6th Place', 'prev_value': None, 'change': True}
2026-05-11 14:50:35,656 : INFO : EventManager : Event: ======'machine_var_score6_name'====== Args={'value': 'ICEMAN', 'prev_value': None, 'change': True}
2026-05-11 14:50:35,656 : INFO : EventManager : Event: ======'machine_var_score6_value'====== Args={'value': 20000000, 'prev_value': None, 'change': True}
2026-05-11 14:50:35,656 : INFO : EventManager : Event: ======'machine_var_score7_label'====== Args={'value': '7th Place', 'prev_value': None, 'change': True}
2026-05-11 14:50:35,656 : INFO : EventManager : Event: ======'machine_var_score7_name'====== Args={'value': 'BEH', 'prev_value': None, 'change': True}
2026-05-11 14:50:35,656 : INFO : EventManager : Event: ======'machine_var_score7_value'====== Args={'value': 18833875, 'prev_value': None, 'change': True}
2026-05-11 14:50:35,656 : INFO : EventManager : Event: ======'machine_var_score8_label'====== Args={'value': '8th Place', 'prev_value': None, 'change': True}
2026-05-11 14:50:35,656 : INFO : EventManager : Event: ======'machine_var_score8_name'====== Args={'value': 'BEH', 'prev_value': None, 'change': True}
2026-05-11 14:50:35,656 : INFO : EventManager : Event: ======'machine_var_score8_value'====== Args={'value': 16744456, 'prev_value': None, 'change': True}
2026-05-11 14:50:35,656 : INFO : EventManager : Event: ======'machine_var_score9_label'====== Args={'value': '9th Place', 'prev_value': None, 'change': True}
2026-05-11 14:50:35,656 : INFO : EventManager : Event: ======'machine_var_score9_name'====== Args={'value': 'ROOSTER', 'prev_value': None, 'change': True}
2026-05-11 14:50:35,656 : INFO : EventManager : Event: ======'machine_var_score9_value'====== Args={'value': 15000000, 'prev_value': None, 'change': True}
2026-05-11 14:50:35,656 : INFO : EventManager : Event: ======'machine_var_score10_label'====== Args={'value': '10th Place', 'prev_value': None, 'change': True}
2026-05-11 14:50:35,656 : INFO : EventManager : Event: ======'machine_var_score10_name'====== Args={'value': 'LFS', 'prev_value': None, 'change': True}
2026-05-11 14:50:35,656 : INFO : EventManager : Event: ======'machine_var_score10_value'====== Args={'value': 14268425, 'prev_value': None, 'change': True}
2026-05-11 14:50:35,656 : INFO : EventManager : Event: ======'machine_var_score11_label'====== Args={'value': '11th Place', 'prev_value': None, 'change': True}
2026-05-11 14:50:35,656 : INFO : EventManager : Event: ======'machine_var_score11_name'====== Args={'value': 'LFS', 'prev_value': None, 'change': True}
2026-05-11 14:50:35,656 : INFO : EventManager : Event: ======'machine_var_score11_value'====== Args={'value': 13607100, 'prev_value': None, 'change': True}
2026-05-11 14:50:35,657 : INFO : EventManager : Event: ======'machine_var_score12_label'====== Args={'value': '12th Place', 'prev_value': None, 'change': True}
2026-05-11 14:50:35,657 : INFO : EventManager : Event: ======'machine_var_score12_name'====== Args={'value': 'BEH', 'prev_value': None, 'change': True}
2026-05-11 14:50:35,657 : INFO : EventManager : Event: ======'machine_var_score12_value'====== Args={'value': 12550525, 'prev_value': None, 'change': True}
2026-05-11 14:50:35,657 : INFO : EventManager : Event: ======'machine_var_score13_label'====== Args={'value': '13th Place', 'prev_value': None, 'change': True}
2026-05-11 14:50:35,657 : INFO : EventManager : Event: ======'machine_var_score13_name'====== Args={'value': 'BEH', 'prev_value': None, 'change': True}
2026-05-11 14:50:35,657 : INFO : EventManager : Event: ======'machine_var_score13_value'====== Args={'value': 12052660, 'prev_value': None, 'change': True}
2026-05-11 14:50:35,657 : INFO : EventManager : Event: ======'machine_var_score14_label'====== Args={'value': '14th Place', 'prev_value': None, 'change': True}
2026-05-11 14:50:35,657 : INFO : EventManager : Event: ======'machine_var_score14_name'====== Args={'value': 'BEH', 'prev_value': None, 'change': True}
2026-05-11 14:50:35,657 : INFO : EventManager : Event: ======'machine_var_score14_value'====== Args={'value': 11656175, 'prev_value': None, 'change': True}
2026-05-11 14:50:35,657 : INFO : EventManager : Event: ======'machine_var_score15_label'====== Args={'value': '15th Place', 'prev_value': None, 'change': True}
2026-05-11 14:50:35,657 : INFO : EventManager : Event: ======'machine_var_score15_name'====== Args={'value': 'JWB', 'prev_value': None, 'change': True}
2026-05-11 14:50:35,657 : INFO : EventManager : Event: ======'machine_var_score15_value'====== Args={'value': 11476750, 'prev_value': None, 'change': True}
2026-05-11 14:50:35,658 : INFO : EventManager : Event: ======'bcp_connection_attempt'====== Args={'name': 'local_display', 'host': 'localhost', 'port': 5050}
2026-05-11 14:50:35,661 : INFO : BCPClientSocket : Connecting BCP to 'local_display' at localhost:5050...
2026-05-11 14:50:35,673 : INFO : BCPClientSocket : Connected BCP to 'local_display' localhost:5050
2026-05-11 14:50:35,673 : INFO : EventManager : Event: ======'bcp_clients_connected'====== Args={}
2026-05-11 14:50:35,675 : INFO : ball_device.bd_plunger : BCH: Initial count: 0
2026-05-11 14:50:35,675 : INFO : ball_device.bd_plunger : State: idle
2026-05-11 14:50:35,676 : INFO : ball_device.bd_trough : BCH: Initial count: 6
2026-05-11 14:50:35,676 : INFO : ball_device.bd_trough : State: idle
2026-05-11 14:50:35,677 : INFO : ball_device.bd_lock_elevator : BCH: Initial count: 0
2026-05-11 14:50:35,677 : INFO : ball_device.bd_lock_elevator : State: idle
2026-05-11 14:50:35,678 : INFO : ball_device.bd_lock_goose : BCH: Initial count: 0
2026-05-11 14:50:35,678 : INFO : ball_device.bd_lock_goose : State: idle
2026-05-11 14:50:35,679 : INFO : ball_device.bd_lock_mav : BCH: Initial count: 0
2026-05-11 14:50:35,679 : INFO : ball_device.bd_lock_mav : State: idle
2026-05-11 14:50:35,680 : INFO : ball_device.bd_mode_scoop : BCH: Initial count: 0
2026-05-11 14:50:35,680 : INFO : ball_device.bd_mode_scoop : State: idle
2026-05-11 14:50:35,707 : INFO : EventManager : Event: ======'init_phase_3'====== Args={}
2026-05-11 14:50:38,146 : ERROR : asyncio : Exception in callback EventManager._queue_task_done(<Task finishe...alue to ms.')>)
handle: <Handle EventManager._queue_task_done(<Task finishe...alue to ms.')>)>
Traceback (most recent call last):
  File "C:\Users\White\mpf\Lib\site-packages\mpf\core\config_validator.py", line 592, in _validate_type_ms
    return Util.string_to_ms(item)
           ^^^^^^^^^^^^^^^^^^^^^^^
  File "C:\Users\White\mpf\Lib\site-packages\mpf\core\utility_functions.py", line 612, in string_to_ms
    return int(time_string)
           ^^^^^^^^^^^^^^^^
ValueError: invalid literal for int() with base 10: '0MSV'

During handling of the above exception, another exception occurred:

Traceback (most recent call last):
  File "C:\Users\White\AppData\Local\Programs\Python\Python312\Lib\asyncio\events.py", line 88, in _run
    self._context.run(self._callback, *self._args)
  File "C:\Users\White\mpf\Lib\site-packages\mpf\core\events.py", line 795, in _queue_task_done
    future.result()
  File "C:\Users\White\mpf\Lib\site-packages\mpf\core\events.py", line 708, in _run_handlers_sequential
    handler.callback(queue=queue, **merged_kwargs)
  File "C:\Users\White\mpf\Lib\site-packages\mpf\core\show_controller.py", line 53, in _load_shows
    self.machine.shows[show_name].load(show_config)
  File "C:\Users\White\mpf\Lib\site-packages\mpf\assets\show.py", line 171, in load
    self._process_step_actions(step, actions)
  File "C:\Users\White\mpf\Lib\site-packages\mpf\assets\show.py", line 201, in _process_step_actions
    raise e
  File "C:\Users\White\mpf\Lib\site-packages\mpf\assets\show.py", line 197, in _process_step_actions
    self.machine.show_controller.show_players[key].validate_config_entry(value, self.name)
  File "C:\Users\White\mpf\Lib\site-packages\mpf\config_players\device_config_player.py", line 56, in validate_config_entry
    raise e
  File "C:\Users\White\mpf\Lib\site-packages\mpf\config_players\device_config_player.py", line 52, in validate_config_entry
    self._validate_config_item(device, device_settings))
    ^^^^^^^^^^^^^^^^^^^^^^^^^^^^^^^^^^^^^^^^^^^^^^^^^^^
  File "C:\Users\White\mpf\Lib\site-packages\mpf\config_players\device_config_player.py", line 78, in _validate_config_item
    device_settings = self._parse_config(device_settings, device)
                      ^^^^^^^^^^^^^^^^^^^^^^^^^^^^^^^^^^^^^^^^^^^
  File "C:\Users\White\mpf\Lib\site-packages\mpf\core\config_player.py", line 144, in _parse_config
    return self.get_full_config(config)
           ^^^^^^^^^^^^^^^^^^^^^^^^^^^^
  File "C:\Users\White\mpf\Lib\site-packages\mpf\core\config_player.py", line 216, in get_full_config
    return self.machine.config_validator.validate_config(
           ^^^^^^^^^^^^^^^^^^^^^^^^^^^^^^^^^^^^^^^^^^^^^^
  File "C:\Users\White\mpf\Lib\site-packages\mpf\core\config_validator.py", line 164, in validate_config
    return self._validate_config(config_spec, source, base_spec=base_spec, add_missing_keys=add_missing_keys,
           ^^^^^^^^^^^^^^^^^^^^^^^^^^^^^^^^^^^^^^^^^^^^^^^^^^^^^^^^^^^^^^^^^^^^^^^^^^^^^^^^^^^^^^^^^^^^^^^^^^
  File "C:\Users\White\mpf\Lib\site-packages\mpf\core\config_validator.py", line 204, in _validate_config
    processed_config[k] = self.validate_config_item(
                          ^^^^^^^^^^^^^^^^^^^^^^^^^^
  File "C:\Users\White\mpf\Lib\site-packages\mpf\core\config_validator.py", line 243, in validate_config_item
    return self.validate_item(item, validation, validation_failure_info)
           ^^^^^^^^^^^^^^^^^^^^^^^^^^^^^^^^^^^^^^^^^^^^^^^^^^^^^^^^^^^^^
  File "C:\Users\White\mpf\Lib\site-packages\mpf\core\config_validator.py", line 701, in validate_item
    return self.validator_list[validator](item, validation_failure_info=validation_failure_info)
           ^^^^^^^^^^^^^^^^^^^^^^^^^^^^^^^^^^^^^^^^^^^^^^^^^^^^^^^^^^^^^^^^^^^^^^^^^^^^^^^^^^^^^
  File "C:\Users\White\mpf\Lib\site-packages\mpf\core\config_validator.py", line 96, in _validate_type_or_token_real
    return func(item, validation_failure_info, param)
           ^^^^^^^^^^^^^^^^^^^^^^^^^^^^^^^^^^^^^^^^^^
  File "C:\Users\White\mpf\Lib\site-packages\mpf\core\config_validator.py", line 594, in _validate_type_ms
    raise self.validation_error(item, validation_failure_info, "Cannot convert value to ms.", 11)
mpf.exceptions.config_file_error.ConfigFileError: Config File Error in ConfigValidator: Show "jester_gi_green_flash" >> Failed to load config player jester_gi_green_flash:lights with settings {'(led)': {'color': <RGBColor (0, 0, 0) (black)>, 'fade': 0, 'priority': 0}, 'l_apron_light_3': {'color': <RGBColor (0, 0, 0) (black)>, 'fade': 0, 'priority': 0}, 'l_apron_light_4': {'color': 'off', 'fade': '0msv', 'priority': 0}} >> Config validation error: Entry light_player:light_player:fade = "0msv" is not valid. Cannot convert value to ms. Error Code: CFE-ConfigValidator-11 (https://missionpinball.org/logs)
2026-05-11 14:50:38,260 : INFO : Machine : Starting the main run loop with active modes: []
2026-05-11 14:50:38,261 : WARNING : Machine : Attract mode is not active, game will not be playable. Please check your attract mode configuration.
2026-05-11 14:50:38,261 : INFO : Machine : Shutting down...
2026-05-11 14:50:38,261 : INFO : EventManager : Event: ======'shutdown'====== Args={}
2026-05-11 14:50:39,382 : ERROR : Machine : Runtime Exception
Traceback (most recent call last):
  File "C:\Users\White\mpf\Lib\site-packages\mpf\core\config_validator.py", line 592, in _validate_type_ms
    return Util.string_to_ms(item)
           ^^^^^^^^^^^^^^^^^^^^^^^
  File "C:\Users\White\mpf\Lib\site-packages\mpf\core\utility_functions.py", line 612, in string_to_ms
    return int(time_string)
           ^^^^^^^^^^^^^^^^
ValueError: invalid literal for int() with base 10: '0MSV'

During handling of the above exception, another exception occurred:

Traceback (most recent call last):
  File "C:\Users\White\mpf\Lib\site-packages\mpf\core\machine.py", line 810, in _run_loop
    raise self._exception['exception']
  File "C:\Users\White\AppData\Local\Programs\Python\Python312\Lib\asyncio\events.py", line 88, in _run
    self._context.run(self._callback, *self._args)
  File "C:\Users\White\mpf\Lib\site-packages\mpf\core\events.py", line 795, in _queue_task_done
    future.result()
  File "C:\Users\White\mpf\Lib\site-packages\mpf\core\events.py", line 708, in _run_handlers_sequential
    handler.callback(queue=queue, **merged_kwargs)
  File "C:\Users\White\mpf\Lib\site-packages\mpf\core\show_controller.py", line 53, in _load_shows
    self.machine.shows[show_name].load(show_config)
  File "C:\Users\White\mpf\Lib\site-packages\mpf\assets\show.py", line 171, in load
    self._process_step_actions(step, actions)
  File "C:\Users\White\mpf\Lib\site-packages\mpf\assets\show.py", line 201, in _process_step_actions
    raise e
  File "C:\Users\White\mpf\Lib\site-packages\mpf\assets\show.py", line 197, in _process_step_actions
    self.machine.show_controller.show_players[key].validate_config_entry(value, self.name)
  File "C:\Users\White\mpf\Lib\site-packages\mpf\config_players\device_config_player.py", line 56, in validate_config_entry
    raise e
  File "C:\Users\White\mpf\Lib\site-packages\mpf\config_players\device_config_player.py", line 52, in validate_config_entry
    self._validate_config_item(device, device_settings))
    ^^^^^^^^^^^^^^^^^^^^^^^^^^^^^^^^^^^^^^^^^^^^^^^^^^^
  File "C:\Users\White\mpf\Lib\site-packages\mpf\config_players\device_config_player.py", line 78, in _validate_config_item
    device_settings = self._parse_config(device_settings, device)
                      ^^^^^^^^^^^^^^^^^^^^^^^^^^^^^^^^^^^^^^^^^^^
  File "C:\Users\White\mpf\Lib\site-packages\mpf\core\config_player.py", line 144, in _parse_config
    return self.get_full_config(config)
           ^^^^^^^^^^^^^^^^^^^^^^^^^^^^
  File "C:\Users\White\mpf\Lib\site-packages\mpf\core\config_player.py", line 216, in get_full_config
    return self.machine.config_validator.validate_config(
           ^^^^^^^^^^^^^^^^^^^^^^^^^^^^^^^^^^^^^^^^^^^^^^
  File "C:\Users\White\mpf\Lib\site-packages\mpf\core\config_validator.py", line 164, in validate_config
    return self._validate_config(config_spec, source, base_spec=base_spec, add_missing_keys=add_missing_keys,
           ^^^^^^^^^^^^^^^^^^^^^^^^^^^^^^^^^^^^^^^^^^^^^^^^^^^^^^^^^^^^^^^^^^^^^^^^^^^^^^^^^^^^^^^^^^^^^^^^^^
  File "C:\Users\White\mpf\Lib\site-packages\mpf\core\config_validator.py", line 204, in _validate_config
    processed_config[k] = self.validate_config_item(
                          ^^^^^^^^^^^^^^^^^^^^^^^^^^
  File "C:\Users\White\mpf\Lib\site-packages\mpf\core\config_validator.py", line 243, in validate_config_item
    return self.validate_item(item, validation, validation_failure_info)
           ^^^^^^^^^^^^^^^^^^^^^^^^^^^^^^^^^^^^^^^^^^^^^^^^^^^^^^^^^^^^^
  File "C:\Users\White\mpf\Lib\site-packages\mpf\core\config_validator.py", line 701, in validate_item
    return self.validator_list[validator](item, validation_failure_info=validation_failure_info)
           ^^^^^^^^^^^^^^^^^^^^^^^^^^^^^^^^^^^^^^^^^^^^^^^^^^^^^^^^^^^^^^^^^^^^^^^^^^^^^^^^^^^^^
  File "C:\Users\White\mpf\Lib\site-packages\mpf\core\config_validator.py", line 96, in _validate_type_or_token_real
    return func(item, validation_failure_info, param)
           ^^^^^^^^^^^^^^^^^^^^^^^^^^^^^^^^^^^^^^^^^^
  File "C:\Users\White\mpf\Lib\site-packages\mpf\core\config_validator.py", line 594, in _validate_type_ms
    raise self.validation_error(item, validation_failure_info, "Cannot convert value to ms.", 11)
mpf.exceptions.config_file_error.ConfigFileError: Config File Error in ConfigValidator: Show "jester_gi_green_flash" >> Failed to load config player jester_gi_green_flash:lights with settings {'(led)': {'color': <RGBColor (0, 0, 0) (black)>, 'fade': 0, 'priority': 0}, 'l_apron_light_3': {'color': <RGBColor (0, 0, 0) (black)>, 'fade': 0, 'priority': 0}, 'l_apron_light_4': {'color': 'off', 'fade': '0msv', 'priority': 0}} >> Config validation error: Entry light_player:light_player:fade = "0msv" is not valid. Cannot convert value to ms. Error Code: CFE-ConfigValidator-11 (https://missionpinball.org/logs)
2026-05-11 14:50:39,408 : INFO : root : MPF run loop ended.
